C:\Users\siddu\Desktop>docker logs backend
ÔøΩDevice set to use cpuot pipeline...
‚ñÖ‚ñâ‚ñá‚ñÖINFO:     Started server process [1]
INFO:     Waiting for application startup.
INFO:     Application startup complete.
INFO:     Uvicorn running on http://0.0.0.0:7777 (Press CTRL+C to quit)
AgenticSeek is ready.
[AgenticSeek] Starting in Docker container...
INFO:     172.18.0.1:45698 - "GET /health HTTP/1.1" 200 OK
INFO:     172.18.0.1:45714 - "GET /latest_answer HTTP/1.1" 404 Not Found
INFO:     172.18.0.1:45730 - "GET /screenshots/updated_screen.png?timestamp=1751761305687 HTTP/1.1" 200 OK
INFO:     172.18.0.1:45698 - "GET /latest_answer HTTP/1.1" 404 Not Found
INFO:     172.18.0.1:45714 - "GET /health HTTP/1.1" 200 OK
INFO:     172.18.0.1:45730 - "GET /screenshots/updated_screen.png?timestamp=1751761308701 HTTP/1.1" 200 OK
INFO:     172.18.0.1:45698 - "GET /latest_answer HTTP/1.1" 404 Not Found
INFO:     172.18.0.1:45714 - "GET /health HTTP/1.1" 200 OK
INFO:     172.18.0.1:45730 - "GET /screenshots/updated_screen.png?timestamp=1751761311697 HTTP/1.1" 200 OK
INFO:     172.18.0.1:45714 - "GET /latest_answer HTTP/1.1" 404 Not Found
INFO:     172.18.0.1:45730 - "GET /health HTTP/1.1" 200 OK
INFO:     172.18.0.1:45698 - "GET /screenshots/updated_screen.png?timestamp=1751761314693 HTTP/1.1" 200 OK
INFO:     172.18.0.1:45698 - "GET /health HTTP/1.1" 200 OK
INFO:     172.18.0.1:45714 - "GET /latest_answer HTTP/1.1" 404 Not Found
INFO:     172.18.0.1:45730 - "GET /screenshots/updated_screen.png?timestamp=1751761317697 HTTP/1.1" 200 OK
INFO:     172.18.0.1:45730 - "GET /health HTTP/1.1" 200 OK
INFO:     172.18.0.1:45714 - "GET /latest_answer HTTP/1.1" 404 Not Found
INFO:     172.18.0.1:45698 - "GET /screenshots/updated_screen.png?timestamp=1751761320692 HTTP/1.1" 200 OK
INFO:     172.18.0.1:45730 - "GET /latest_answer HTTP/1.1" 404 Not Found
INFO:     172.18.0.1:45714 - "GET /health HTTP/1.1" 200 OK
INFO:     172.18.0.1:45698 - "GET /screenshots/updated_screen.png?timestamp=1751761323686 HTTP/1.1" 200 OK
INFO:     172.18.0.1:45730 - "GET /latest_answer HTTP/1.1" 404 Not Found
INFO:     172.18.0.1:45714 - "GET /health HTTP/1.1" 200 OK
INFO:     172.18.0.1:45698 - "GET /screenshots/updated_screen.png?timestamp=1751761326691 HTTP/1.1" 200 OK
INFO:     172.18.0.1:34118 - "GET /health HTTP/1.1" 200 OK
INFO:     172.18.0.1:34136 - "GET /latest_answer HTTP/1.1" 404 Not Found
INFO:     172.18.0.1:34116 - "GET /screenshots/updated_screen.png?timestamp=1751761332697 HTTP/1.1" 200 OK
INFO:     172.18.0.1:34136 - "GET /health HTTP/1.1" 200 OK
INFO:     172.18.0.1:34118 - "GET /latest_answer HTTP/1.1" 404 Not Found
INFO:     172.18.0.1:34150 - "GET /screenshots/updated_screen.png?timestamp=1751761332710 HTTP/1.1" 200 OK
INFO:     172.18.0.1:47364 - "GET /health HTTP/1.1" 200 OK
INFO:     172.18.0.1:47366 - "GET /latest_answer HTTP/1.1" 404 Not Found
INFO:     172.18.0.1:47364 - "GET /health HTTP/1.1" 200 OK
INFO:     172.18.0.1:47366 - "GET /latest_answer HTTP/1.1" 404 Not Found
INFO:     172.18.0.1:47372 - "GET /screenshots/updated_screen.png?timestamp=1751761392724 HTTP/1.1" 200 OK
INFO:     172.18.0.1:47362 - "GET /screenshots/updated_screen.png?timestamp=1751761392728 HTTP/1.1" 200 OK
INFO:     172.18.0.1:51472 - "GET /health HTTP/1.1" 200 OK
INFO:     172.18.0.1:51482 - "GET /latest_answer HTTP/1.1" 404 Not Found
INFO:     172.18.0.1:51472 - "GET /health HTTP/1.1" 200 OK
INFO:     172.18.0.1:51482 - "GET /latest_answer HTTP/1.1" 404 Not Found
INFO:     172.18.0.1:51468 - "GET /screenshots/updated_screen.png?timestamp=1751761452704 HTTP/1.1" 200 OK
INFO:     172.18.0.1:51488 - "GET /screenshots/updated_screen.png?timestamp=1751761452708 HTTP/1.1" 200 OK
INFO:     172.18.0.1:44882 - "GET /latest_answer HTTP/1.1" 404 Not Found
INFO:     172.18.0.1:44870 - "GET /health HTTP/1.1" 200 OK
INFO:     172.18.0.1:44882 - "GET /latest_answer HTTP/1.1" 404 Not Found
INFO:     172.18.0.1:44870 - "GET /health HTTP/1.1" 200 OK
INFO:     172.18.0.1:44858 - "GET /screenshots/updated_screen.png?timestamp=1751761512699 HTTP/1.1" 200 OK
INFO:     172.18.0.1:42948 - "GET /health HTTP/1.1" 200 OK
INFO:     172.18.0.1:42942 - "GET /latest_answer HTTP/1.1" 404 Not Found
INFO:     172.18.0.1:42942 - "GET /latest_answer HTTP/1.1" 404 Not Found
INFO:     172.18.0.1:42948 - "GET /health HTTP/1.1" 200 OK
INFO:     172.18.0.1:42930 - "GET /screenshots/updated_screen.png?timestamp=1751761572699 HTTP/1.1" 200 OK
INFO:     172.18.0.1:42956 - "GET /screenshots/updated_screen.png?timestamp=1751761572701 HTTP/1.1" 200 OK
INFO:     172.18.0.1:60328 - "GET /health HTTP/1.1" 200 OK
INFO:     172.18.0.1:60330 - "GET /latest_answer HTTP/1.1" 404 Not Found
INFO:     172.18.0.1:60328 - "GET /health HTTP/1.1" 200 OK
INFO:     172.18.0.1:60330 - "GET /latest_answer HTTP/1.1" 404 Not Found
INFO:     172.18.0.1:60332 - "GET /screenshots/updated_screen.png?timestamp=1751761632692 HTTP/1.1" 200 OK
INFO:     172.18.0.1:60336 - "GET /screenshots/updated_screen.png?timestamp=1751761632694 HTTP/1.1" 200 OK
INFO:     172.18.0.1:45976 - "GET /health HTTP/1.1" 200 OK
INFO:     172.18.0.1:45978 - "GET /latest_answer HTTP/1.1" 404 Not Found
INFO:     172.18.0.1:45976 - "GET /screenshots/updated_screen.png?timestamp=1751761669190 HTTP/1.1" 200 OK
INFO:     172.18.0.1:45978 - "GET /health HTTP/1.1" 200 OK
INFO:     172.18.0.1:45986 - "GET /latest_answer HTTP/1.1" 404 Not Found
INFO:     172.18.0.1:45976 - "GET /screenshots/updated_screen.png?timestamp=1751761671229 HTTP/1.1" 200 OK
INFO:     172.18.0.1:45976 - "GET /health HTTP/1.1" 200 OK
INFO:     172.18.0.1:45986 - "OPTIONS /query HTTP/1.1" 200 OK
Selected agent: Jarvis (roles: talk)
‚ñâ‚ñÅ‚ñÅ‚ñÅ‚ñÅ‚ñÅ Thinking...INFO:     172.18.0.1:45978 - "GET /health HTTP/1.1" 200 OK
INFO:     172.18.0.1:46218 - "GET /latest_answer HTTP/1.1" 200 OK
INFO:     172.18.0.1:46238 - "GET /health HTTP/1.1" 200 OK
INFO:     172.18.0.1:46218 - "GET /latest_answer HTTP/1.1" 200 OK
INFO:     172.18.0.1:45986 - "GET /screenshots/updated_screen.png?timestamp=1751761674636 HTTP/1.1" 200 OK
INFO:     172.18.0.1:46222 - "GET /screenshots/updated_screen.png?timestamp=1751761677633 HTTP/1.1" 200 OK
‚ñÉ‚ñÅ‚ñÅ‚ñÅ‚ñÅ‚ñÅ Thinking...INFO:     172.18.0.1:46222 - "GET /health HTTP/1.1" 200 OK
INFO:     172.18.0.1:45986 - "GET /latest_answer HTTP/1.1" 200 OK
INFO:     172.18.0.1:46218 - "GET /screenshots/updated_screen.png?timestamp=1751761680632 HTTP/1.1" 200 OK
‚ñâ‚ñÅ‚ñÅ‚ñÅ‚ñÅ‚ñÅ Thinking...INFO:     172.18.0.1:46266 - "GET /health HTTP/1.1" 200 OK
INFO:     172.18.0.1:46274 - "GET /latest_answer HTTP/1.1" 200 OK
INFO:     172.18.0.1:46250 - "GET /screenshots/updated_screen.png?timestamp=1751761683635 HTTP/1.1" 200 OK
‚ñÉ‚ñâ‚ñâ‚ñâ‚ñÉ‚ñÅ Thinking...INFO:     172.18.0.1:46250 - "GET /health HTTP/1.1" 200 OK
INFO:     172.18.0.1:46266 - "GET /latest_answer HTTP/1.1" 200 OK
INFO:     172.18.0.1:46274 - "GET /screenshots/updated_screen.png?timestamp=1751761686640 HTTP/1.1" 200 OK


Hello! How can I assist you today? üòä If there's anything I can help with, feel free to let me know!
INFO:     172.18.0.1:45976 - "POST /query HTTP/1.1" 200 OK
INFO:     172.18.0.1:45976 - "GET /health HTTP/1.1" 200 OK
INFO:     172.18.0.1:46266 - "GET /latest_answer HTTP/1.1" 200 OK
INFO:     172.18.0.1:46274 - "GET /screenshots/updated_screen.png?timestamp=1751761689639 HTTP/1.1" 200 OK
INFO:     172.18.0.1:45976 - "GET /latest_answer HTTP/1.1" 200 OK
INFO:     172.18.0.1:46266 - "GET /health HTTP/1.1" 200 OK
INFO:     172.18.0.1:46274 - "GET /screenshots/updated_screen.png?timestamp=1751761692696 HTTP/1.1" 200 OK
INFO:     172.18.0.1:45976 - "GET /latest_answer HTTP/1.1" 200 OK
INFO:     172.18.0.1:46266 - "GET /health HTTP/1.1" 200 OK
INFO:     172.18.0.1:46274 - "GET /screenshots/updated_screen.png?timestamp=1751761692736 HTTP/1.1" 200 OK
INFO:     172.18.0.1:37888 - "GET /health HTTP/1.1" 200 OK
INFO:     172.18.0.1:37894 - "GET /latest_answer HTTP/1.1" 200 OK
INFO:     172.18.0.1:37880 - "GET /screenshots/updated_screen.png?timestamp=1751761695693 HTTP/1.1" 200 OK
INFO:     172.18.0.1:37894 - "GET /latest_answer HTTP/1.1" 200 OK
INFO:     172.18.0.1:37880 - "GET /health HTTP/1.1" 200 OK
INFO:     172.18.0.1:37888 - "GET /screenshots/updated_screen.png?timestamp=1751761696692 HTTP/1.1" 200 OK
INFO:     172.18.0.1:37888 - "GET /health HTTP/1.1" 200 OK
INFO:     172.18.0.1:37894 - "GET /latest_answer HTTP/1.1" 200 OK
INFO:     172.18.0.1:37880 - "GET /screenshots/updated_screen.png?timestamp=1751761698695 HTTP/1.1" 200 OK
INFO:     172.18.0.1:37888 - "GET /latest_answer HTTP/1.1" 200 OK
INFO:     172.18.0.1:37894 - "GET /health HTTP/1.1" 200 OK
INFO:     172.18.0.1:37880 - "GET /screenshots/updated_screen.png?timestamp=1751761699692 HTTP/1.1" 200 OK
INFO:     172.18.0.1:37888 - "GET /latest_answer HTTP/1.1" 200 OK
INFO:     172.18.0.1:37894 - "GET /health HTTP/1.1" 200 OK
INFO:     172.18.0.1:37880 - "GET /screenshots/updated_screen.png?timestamp=1751761701694 HTTP/1.1" 200 OK
INFO:     172.18.0.1:37880 - "GET /health HTTP/1.1" 200 OK
INFO:     172.18.0.1:37888 - "GET /latest_answer HTTP/1.1" 200 OK
INFO:     172.18.0.1:37894 - "GET /screenshots/updated_screen.png?timestamp=1751761702735 HTTP/1.1" 200 OK
INFO:     172.18.0.1:37912 - "GET /health HTTP/1.1" 200 OK
INFO:     172.18.0.1:37922 - "GET /latest_answer HTTP/1.1" 200 OK
INFO:     172.18.0.1:37896 - "GET /screenshots/updated_screen.png?timestamp=1751761704692 HTTP/1.1" 200 OK
INFO:     172.18.0.1:37896 - "GET /health HTTP/1.1" 200 OK
INFO:     172.18.0.1:37922 - "GET /latest_answer HTTP/1.1" 200 OK
INFO:     172.18.0.1:37912 - "GET /screenshots/updated_screen.png?timestamp=1751761705695 HTTP/1.1" 200 OK
INFO:     172.18.0.1:37896 - "GET /latest_answer HTTP/1.1" 200 OK
INFO:     172.18.0.1:37922 - "GET /health HTTP/1.1" 200 OK
INFO:     172.18.0.1:37912 - "GET /screenshots/updated_screen.png?timestamp=1751761707691 HTTP/1.1" 200 OK
INFO:     172.18.0.1:37912 - "GET /health HTTP/1.1" 200 OK
INFO:     172.18.0.1:37922 - "GET /latest_answer HTTP/1.1" 200 OK
INFO:     172.18.0.1:37896 - "GET /screenshots/updated_screen.png?timestamp=1751761708691 HTTP/1.1" 200 OK
INFO:     172.18.0.1:37912 - "GET /latest_answer HTTP/1.1" 200 OK
INFO:     172.18.0.1:37922 - "GET /health HTTP/1.1" 200 OK
INFO:     172.18.0.1:37896 - "GET /screenshots/updated_screen.png?timestamp=1751761710696 HTTP/1.1" 200 OK
INFO:     172.18.0.1:37896 - "GET /health HTTP/1.1" 200 OK
INFO:     172.18.0.1:37922 - "GET /latest_answer HTTP/1.1" 200 OK
INFO:     172.18.0.1:37912 - "GET /screenshots/updated_screen.png?timestamp=1751761711694 HTTP/1.1" 200 OK
INFO:     172.18.0.1:34046 - "GET /health HTTP/1.1" 200 OK
INFO:     172.18.0.1:34068 - "GET /latest_answer HTTP/1.1" 200 OK
INFO:     172.18.0.1:34044 - "GET /screenshots/updated_screen.png?timestamp=1751761713689 HTTP/1.1" 200 OK
INFO:     172.18.0.1:34046 - "GET /latest_answer HTTP/1.1" 200 OK
INFO:     172.18.0.1:34068 - "GET /health HTTP/1.1" 200 OK
INFO:     172.18.0.1:34044 - "GET /screenshots/updated_screen.png?timestamp=1751761716702 HTTP/1.1" 200 OK
INFO:     172.18.0.1:34046 - "GET /latest_answer HTTP/1.1" 200 OK
INFO:     172.18.0.1:34068 - "GET /health HTTP/1.1" 200 OK
INFO:     172.18.0.1:34044 - "GET /screenshots/updated_screen.png?timestamp=1751761719692 HTTP/1.1" 200 OK
INFO:     172.18.0.1:34046 - "GET /latest_answer HTTP/1.1" 200 OK
INFO:     172.18.0.1:34068 - "GET /health HTTP/1.1" 200 OK
INFO:     172.18.0.1:34044 - "GET /screenshots/updated_screen.png?timestamp=1751761722691 HTTP/1.1" 200 OK
INFO:     172.18.0.1:44904 - "GET /health HTTP/1.1" 200 OK
INFO:     172.18.0.1:44908 - "GET /latest_answer HTTP/1.1" 200 OK
INFO:     172.18.0.1:44898 - "GET /screenshots/updated_screen.png?timestamp=1751761725690 HTTP/1.1" 200 OK
INFO:     172.18.0.1:44904 - "GET /latest_answer HTTP/1.1" 200 OK
INFO:     172.18.0.1:44908 - "GET /health HTTP/1.1" 200 OK
INFO:     172.18.0.1:44898 - "GET /screenshots/updated_screen.png?timestamp=1751761728694 HTTP/1.1" 200 OK
INFO:     172.18.0.1:44904 - "GET /latest_answer HTTP/1.1" 200 OK
INFO:     172.18.0.1:44908 - "GET /health HTTP/1.1" 200 OK
INFO:     172.18.0.1:44898 - "GET /screenshots/updated_screen.png?timestamp=1751761731701 HTTP/1.1" 200 OK
INFO:     172.18.0.1:50026 - "GET /health HTTP/1.1" 200 OK
INFO:     172.18.0.1:50032 - "GET /latest_answer HTTP/1.1" 200 OK
INFO:     172.18.0.1:50040 - "GET /screenshots/updated_screen.png?timestamp=1751761734699 HTTP/1.1" 200 OK
INFO:     172.18.0.1:50026 - "GET /latest_answer HTTP/1.1" 200 OK
INFO:     172.18.0.1:50032 - "GET /health HTTP/1.1" 200 OK
INFO:     172.18.0.1:50040 - "GET /screenshots/updated_screen.png?timestamp=1751761738686 HTTP/1.1" 200 OK
INFO:     172.18.0.1:50026 - "GET /latest_answer HTTP/1.1" 200 OK
INFO:     172.18.0.1:50032 - "GET /health HTTP/1.1" 200 OK
INFO:     172.18.0.1:50040 - "GET /screenshots/updated_screen.png?timestamp=1751761741700 HTTP/1.1" 200 OK
INFO:     172.18.0.1:43052 - "GET /health HTTP/1.1" 200 OK
INFO:     172.18.0.1:43070 - "GET /latest_answer HTTP/1.1" 200 OK
INFO:     172.18.0.1:43054 - "GET /screenshots/updated_screen.png?timestamp=1751761744693 HTTP/1.1" 200 OK
INFO:     172.18.0.1:43054 - "GET /health HTTP/1.1" 200 OK
INFO:     172.18.0.1:43054 - "GET /latest_answer HTTP/1.1" 200 OK
INFO:     172.18.0.1:43070 - "GET /screenshots/updated_screen.png?timestamp=1751761747712 HTTP/1.1" 200 OK
INFO:     172.18.0.1:43054 - "GET /latest_answer HTTP/1.1" 200 OK
INFO:     172.18.0.1:43070 - "GET /health HTTP/1.1" 200 OK
INFO:     172.18.0.1:58174 - "GET /screenshots/updated_screen.png?timestamp=1751761750702 HTTP/1.1" 200 OK
INFO:     172.18.0.1:58174 - "GET /health HTTP/1.1" 200 OK
INFO:     172.18.0.1:43070 - "GET /latest_answer HTTP/1.1" 200 OK
INFO:     172.18.0.1:43054 - "GET /screenshots/updated_screen.png?timestamp=1751761752696 HTTP/1.1" 200 OK
INFO:     172.18.0.1:58176 - "GET /health HTTP/1.1" 200 OK
INFO:     172.18.0.1:58194 - "GET /latest_answer HTTP/1.1" 200 OK
INFO:     172.18.0.1:58182 - "GET /screenshots/updated_screen.png?timestamp=1751761753703 HTTP/1.1" 200 OK
INFO:     172.18.0.1:58194 - "GET /latest_answer HTTP/1.1" 200 OK
INFO:     172.18.0.1:58182 - "GET /health HTTP/1.1" 200 OK
INFO:     172.18.0.1:58176 - "GET /screenshots/updated_screen.png?timestamp=1751761756700 HTTP/1.1" 200 OK
INFO:     172.18.0.1:58194 - "GET /latest_answer HTTP/1.1" 200 OK
INFO:     172.18.0.1:58182 - "GET /health HTTP/1.1" 200 OK
INFO:     172.18.0.1:58176 - "GET /screenshots/updated_screen.png?timestamp=1751761758697 HTTP/1.1" 200 OK
INFO:     172.18.0.1:58176 - "GET /health HTTP/1.1" 200 OK
INFO:     172.18.0.1:58194 - "GET /latest_answer HTTP/1.1" 200 OK
INFO:     172.18.0.1:58182 - "GET /screenshots/updated_screen.png?timestamp=1751761759798 HTTP/1.1" 200 OK
INFO:     172.18.0.1:58182 - "GET /health HTTP/1.1" 200 OK
INFO:     172.18.0.1:58176 - "GET /latest_answer HTTP/1.1" 200 OK
INFO:     172.18.0.1:58194 - "GET /screenshots/updated_screen.png?timestamp=1751761762162 HTTP/1.1" 200 OK
INFO:     172.18.0.1:58176 - "GET /latest_answer HTTP/1.1" 200 OK
INFO:     172.18.0.1:58194 - "GET /health HTTP/1.1" 200 OK
INFO:     172.18.0.1:58182 - "GET /screenshots/updated_screen.png?timestamp=1751761762701 HTTP/1.1" 200 OK
INFO:     172.18.0.1:60720 - "GET /health HTTP/1.1" 200 OK
INFO:     172.18.0.1:60722 - "GET /latest_answer HTTP/1.1" 200 OK
INFO:     172.18.0.1:60718 - "GET /screenshots/updated_screen.png?timestamp=1751761764691 HTTP/1.1" 200 OK
INFO:     172.18.0.1:60720 - "GET /latest_answer HTTP/1.1" 200 OK
INFO:     172.18.0.1:60722 - "GET /health HTTP/1.1" 200 OK
INFO:     172.18.0.1:60718 - "GET /screenshots/updated_screen.png?timestamp=1751761767698 HTTP/1.1" 200 OK
INFO:     172.18.0.1:60718 - "GET /health HTTP/1.1" 200 OK
Selected agent: Browser (roles: web)
‚ñâ‚ñÅ‚ñÅ‚ñÅ‚ñÅ‚ñÅ Thinking...INFO:     172.18.0.1:60720 - "GET /health HTTP/1.1" 200 OK
‚ñâ‚ñâ‚ñÇ‚ñÅ‚ñÅ‚ñÅ Thinking...INFO:     172.18.0.1:60746 - "GET /latest_answer HTTP/1.1" 200 OK
INFO:     172.18.0.1:60718 - "GET /screenshots/updated_screen.png?timestamp=1751761771145 HTTP/1.1" 200 OK
INFO:     172.18.0.1:46184 - "GET /screenshots/updated_screen.png?timestamp=1751761774143 HTTP/1.1" 200 OK
INFO:     172.18.0.1:46194 - "GET /screenshots/updated_screen.png?timestamp=1751761777140 HTTP/1.1" 200 OK
INFO:     172.18.0.1:33252 - "GET /screenshots/updated_screen.png?timestamp=1751761780133 HTTP/1.1" 200 OK
INFO:     172.18.0.1:33260 - "GET /screenshots/updated_screen.png?timestamp=1751761783253 HTTP/1.1" 200 OK
INFO:     172.18.0.1:33252 - "GET /health HTTP/1.1" 200 OK
INFO:     172.18.0.1:33260 - "GET /latest_answer HTTP/1.1" 200 OK
INFO:     172.18.0.1:33268 - "GET /screenshots/updated_screen.png?timestamp=1751761786134 HTTP/1.1" 200 OK
INFO:     172.18.0.1:33260 - "GET /health HTTP/1.1" 200 OK
INFO:     172.18.0.1:33284 - "GET /screenshots/updated_screen.png?timestamp=1751761789137 HTTP/1.1" 200 OK
INFO:     172.18.0.1:33252 - "GET /screenshots/updated_screen.png?timestamp=1751761795146 HTTP/1.1" 200 OK
INFO:     172.18.0.1:33298 - "GET /screenshots/updated_screen.png?timestamp=1751761792194 HTTP/1.1" 200 OK
INFO:     172.18.0.1:33260 - "GET /latest_answer HTTP/1.1" 200 OK
INFO:     172.18.0.1:33260 - "GET /screenshots/updated_screen.png?timestamp=1751761798138 HTTP/1.1" 200 OK
INFO:     172.18.0.1:33268 - "GET /health HTTP/1.1" 200 OK
INFO:     172.18.0.1:33284 - "GET /latest_answer HTTP/1.1" 200 OK
‚ñâ‚ñâ‚ñâ‚ñÉ‚ñÅ‚ñÅ Thinking...INFO:     172.18.0.1:33284 - "GET /health HTTP/1.1" 200 OK
INFO:     172.18.0.1:33298 - "GET /latest_answer HTTP/1.1" 200 OK
INFO:     172.18.0.1:33284 - "GET /health HTTP/1.1" 200 OK
INFO:     172.18.0.1:33260 - "GET /latest_answer HTTP/1.1" 200 OK
INFO:     172.18.0.1:33268 - "GET /screenshots/updated_screen.png?timestamp=1751761801136 HTTP/1.1" 200 OK
INFO:     172.18.0.1:33298 - "GET /health HTTP/1.1" 200 OK
INFO:     172.18.0.1:33260 - "GET /latest_answer HTTP/1.1" 200 OK
INFO:     172.18.0.1:33252 - "GET /screenshots/updated_screen.png?timestamp=1751761804139 HTTP/1.1" 200 OK
INFO:     172.18.0.1:33260 - "GET /health HTTP/1.1" 200 OK
INFO:     172.18.0.1:33284 - "GET /screenshots/updated_screen.png?timestamp=1751761807131 HTTP/1.1" 200 OK
INFO:     172.18.0.1:33260 - "GET /latest_answer HTTP/1.1" 200 OK
INFO:     172.18.0.1:33298 - "GET /screenshots/updated_screen.png?timestamp=1751761810133 HTTP/1.1" 200 OK
INFO:     172.18.0.1:33268 - "GET /latest_answer HTTP/1.1" 200 OK
INFO:     172.18.0.1:33252 - "GET /health HTTP/1.1" 200 OK
INFO:     172.18.0.1:33260 - "GET /screenshots/updated_screen.png?timestamp=1751761813136 HTTP/1.1" 200 OK
INFO:     172.18.0.1:33252 - "GET /health HTTP/1.1" 200 OK
INFO:     172.18.0.1:33284 - "GET /latest_answer HTTP/1.1" 200 OK
INFO:     172.18.0.1:33268 - "GET /screenshots/updated_screen.png?timestamp=1751761816138 HTTP/1.1" 200 OK
INFO:     172.18.0.1:33298 - "GET /health HTTP/1.1" 200 OK
INFO:     172.18.0.1:33284 - "GET /latest_answer HTTP/1.1" 200 OK
INFO:     172.18.0.1:33252 - "GET /screenshots/updated_screen.png?timestamp=1751761819138 HTTP/1.1" 200 OK
INFO:     172.18.0.1:33260 - "GET /health HTTP/1.1" 200 OK
INFO:     172.18.0.1:33284 - "GET /latest_answer HTTP/1.1" 200 OK
INFO:     172.18.0.1:33260 - "GET /health HTTP/1.1" 200 OK
INFO:     172.18.0.1:33298 - "GET /screenshots/updated_screen.png?timestamp=1751761822131 HTTP/1.1" 200 OK
INFO:     172.18.0.1:33284 - "GET /latest_answer HTTP/1.1" 200 OK
INFO:     172.18.0.1:33260 - "GET /health HTTP/1.1" 200 OK
INFO:     172.18.0.1:33284 - "GET /latest_answer HTTP/1.1" 200 OK
INFO:     172.18.0.1:33260 - "GET /health HTTP/1.1" 200 OK
INFO:     172.18.0.1:33284 - "GET /latest_answer HTTP/1.1" 200 OK
INFO:     172.18.0.1:33260 - "GET /health HTTP/1.1" 200 OK
INFO:     172.18.0.1:33284 - "GET /latest_answer HTTP/1.1" 200 OK
INFO:     172.18.0.1:33260 - "GET /health HTTP/1.1" 200 OK
INFO:     172.18.0.1:33260 - "GET /health HTTP/1.1" 200 OK
INFO:     172.18.0.1:33284 - "GET /latest_answer HTTP/1.1" 200 OK
INFO:     172.18.0.1:33284 - "GET /latest_answer HTTP/1.1" 200 OK
‚ñâ‚ñá‚ñÉ‚ñÅ‚ñÅ‚ñÅ Thinking...INFO:     172.18.0.1:33260 - "GET /health HTTP/1.1" 200 OK
INFO:     172.18.0.1:33298 - "GET /latest_answer HTTP/1.1" 200 OK
INFO:     172.18.0.1:33284 - "GET /screenshots/updated_screen.png?timestamp=1751761825140 HTTP/1.1" 200 OK
‚ñÅ‚ñÖ‚ñá‚ñâ‚ñá‚ñÉ Thinking...INFO:     172.18.0.1:33298 - "GET /health HTTP/1.1" 200 OK
INFO:     172.18.0.1:33260 - "GET /latest_answer HTTP/1.1" 200 OK
INFO:     172.18.0.1:33284 - "GET /screenshots/updated_screen.png?timestamp=1751761828131 HTTP/1.1" 200 OK
‚ñÅ‚ñÉ‚ñÖ‚ñÉ‚ñÅ‚ñÅ Thinking...INFO:     172.18.0.1:33298 - "GET /latest_answer HTTP/1.1" 200 OK
INFO:     172.18.0.1:33260 - "GET /health HTTP/1.1" 200 OK
INFO:     172.18.0.1:33284 - "GET /screenshots/updated_screen.png?timestamp=1751761831144 HTTP/1.1" 200 OK
‚ñâ‚ñâ‚ñÇ‚ñÅ‚ñÅ‚ñÅ Thinking...INFO:     172.18.0.1:33260 - "GET /health HTTP/1.1" 200 OK
INFO:     172.18.0.1:33298 - "GET /latest_answer HTTP/1.1" 200 OK
INFO:     172.18.0.1:33284 - "GET /screenshots/updated_screen.png?timestamp=1751761834144 HTTP/1.1" 200 OK
‚ñÖ‚ñâ‚ñÅ‚ñâ‚ñÖ‚ñÉ Thinking...INFO:     172.18.0.1:33298 - "GET /health HTTP/1.1" 200 OK
INFO:     172.18.0.1:33260 - "GET /latest_answer HTTP/1.1" 200 OK
INFO:     172.18.0.1:33284 - "GET /screenshots/updated_screen.png?timestamp=1751761837135 HTTP/1.1" 200 OK
‚ñâ‚ñâ‚ñâ‚ñâ‚ñâ‚ñá Thinking...INFO:     172.18.0.1:33284 - "GET /health HTTP/1.1" 200 OK
INFO:     172.18.0.1:33298 - "GET /latest_answer HTTP/1.1" 200 OK
INFO:     172.18.0.1:33260 - "GET /screenshots/updated_screen.png?timestamp=1751761840132 HTTP/1.1" 200 OK
‚ñâ‚ñÖ‚ñÉ‚ñÅ‚ñÉ‚ñÖ Thinking...INFO:     172.18.0.1:33298 - "GET /health HTTP/1.1" 200 OK
INFO:     172.18.0.1:33284 - "GET /latest_answer HTTP/1.1" 200 OK
INFO:     172.18.0.1:33260 - "GET /screenshots/updated_screen.png?timestamp=1751761843132 HTTP/1.1" 200 OK

Search results:
Title: Zizo mus riubirud husduov nunninuk gerafe search: https://youtu.be/aai1k4SX_uk?si=l7_V8OsCtD3XIRU2 Suunu sozlokbib juremire tigbu bobgew bekdezad uf giavo va laabu nevefi maj kupa cejitima. - Link: http://nocowco.as/hucecil
Title: YouTube - Link: https://www.youtube.com/
Title: YouTube - Link: https://www.youtube.com
Title: No af ku wuwki search: https://youtu.be/aai1k4SX_uk?si=l7_V8OsCtD3XIRU2 Kiwoz os. - Link: http://cevewwe.bd/jephev
Title: YouTube - Link: https://www.youtube.com/feed
Title: API Reference | YouTube Data API | Google for Developers - Link: https://developers.google.com/youtube/v3/docs
Title: Gu wif gin search: https://youtu.be/aai1k4SX_uk?si=l7_V8OsCtD3XIRU2 Zovomto te huk. - Link: http://buan.ir/pogim
Title: The wacky history of cell theory - Lauren Royal-Woods - Link: https://resources.quizalize.com/view/youtube/the-wacky-history-of-cell-theory-lauren-royalwoods-6efb1600-72e0-4aa0-bd90-b1aca05d166a
Title: ‚ÄéYouTube on the App Store - Link: https://apps.apple.com/us/app/youtube/id544007664
Title: Febab dukciduv search: https://youtu.be/aai1k4SX_uk?si=l7_V8OsCtD3XIRU2 One kuahzek sad do. - Link: http://nejwuvup.ro/falasse
Title: Summify - Summarize YouTube Videos - Easy With AI - Link: https://easywithai.com/ai-productivity-tools/summify/
Title: YouTube - YouTube - Link: https://www.youtube.com/channel/UCBR8-60-B28hp2BmDPdntcQ
Title: Lajcufgec wapa vub dulzew vepjo no search: https://youtu.be/aai1k4SX_uk?si=l7_V8OsCtD3XIRU2 Wowed te urolu cov zudew ciw deesto daf kekishun fuacudu jifliru pa mu vamnub janorget copha. - Link: http://con.tl/wuesozu
Title: summarize.tech: AI-powered video summaries - Link: https://www.summarize.tech/
Title: YouTube Help - Link: https://support.google.com/youtube/?hl=en
Title: Ogsepoha haud toguse kesitiz sansi search: https://youtu.be/aai1k4SX_uk?si=l7_V8OsCtD3XIRU2 Pufebep. - Link: http://jit.ru/pouw
‚ñâ‚ñÅ‚ñÅ‚ñÅ‚ñÅ‚ñÅ Thinking...INFO:     172.18.0.1:33298 - "GET /latest_answer HTTP/1.1" 200 OK
INFO:     172.18.0.1:33284 - "GET /health HTTP/1.1" 200 OK
INFO:     172.18.0.1:33298 - "GET /latest_answer HTTP/1.1" 200 OK
INFO:     172.18.0.1:33284 - "GET /health HTTP/1.1" 200 OK
INFO:     172.18.0.1:33260 - "GET /screenshots/updated_screen.png?timestamp=1751761846130 HTTP/1.1" 200 OK
INFO:     172.18.0.1:44742 - "GET /screenshots/updated_screen.png?timestamp=1751761849137 HTTP/1.1" 200 OK
‚ñâ‚ñâ‚ñâ‚ñâ‚ñâ‚ñá Thinking...INFO:     172.18.0.1:33284 - "GET /latest_answer HTTP/1.1" 200 OK
INFO:     172.18.0.1:33260 - "GET /health HTTP/1.1" 200 OK
INFO:     172.18.0.1:44742 - "GET /screenshots/updated_screen.png?timestamp=1751761852134 HTTP/1.1" 200 OK
‚ñâ‚ñÅ‚ñÅ‚ñÅ‚ñâ‚ñá Thinking...INFO:     172.18.0.1:33284 - "GET /latest_answer HTTP/1.1" 200 OK
INFO:     172.18.0.1:33260 - "GET /health HTTP/1.1" 200 OK
INFO:     172.18.0.1:44742 - "GET /screenshots/updated_screen.png?timestamp=1751761855131 HTTP/1.1" 200 OK
‚ñâ‚ñâ‚ñâ‚ñÜ‚ñÉ‚ñÅ Thinking...INFO:     172.18.0.1:33284 - "GET /latest_answer HTTP/1.1" 200 OK
INFO:     172.18.0.1:33260 - "GET /health HTTP/1.1" 200 OK
INFO:     172.18.0.1:44742 - "GET /screenshots/updated_screen.png?timestamp=1751761858141 HTTP/1.1" 200 OK
‚ñÖ‚ñâ‚ñá‚ñÖ‚ñá‚ñâ Thinking...INFO:     172.18.0.1:33260 - "GET /health HTTP/1.1" 200 OK
INFO:     172.18.0.1:33284 - "GET /latest_answer HTTP/1.1" 200 OK
‚ñÉ‚ñá‚ñâ‚ñá‚ñâ‚ñÖ Thinking...INFO:     172.18.0.1:44742 - "GET /screenshots/updated_screen.png?timestamp=1751761861140 HTTP/1.1" 200 OK
‚ñá‚ñÉ‚ñÅ‚ñÅ‚ñÅ‚ñÅ Thinking...INFO:     172.18.0.1:33284 - "GET /latest_answer HTTP/1.1" 200 OK
INFO:     172.18.0.1:33260 - "GET /health HTTP/1.1" 200 OK
INFO:     172.18.0.1:44742 - "GET /screenshots/updated_screen.png?timestamp=1751761864137 HTTP/1.1" 200 OK
‚ñÅ‚ñÉ‚ñÖ‚ñá‚ñÖ‚ñÅ Thinking...INFO:     172.18.0.1:33284 - "GET /latest_answer HTTP/1.1" 200 OK
INFO:     172.18.0.1:33260 - "GET /health HTTP/1.1" 200 OK
INFO:     172.18.0.1:44742 - "GET /screenshots/updated_screen.png?timestamp=1751761867131 HTTP/1.1" 200 OK
‚ñÅ‚ñÖ‚ñâ‚ñÖ‚ñÅ‚ñÅ Thinking...INFO:     172.18.0.1:33284 - "GET /latest_answer HTTP/1.1" 200 OK
INFO:     172.18.0.1:33260 - "GET /health HTTP/1.1" 200 OK
INFO:     172.18.0.1:44742 - "GET /screenshots/updated_screen.png?timestamp=1751761870136 HTTP/1.1" 200 OK
‚ñâ‚ñâ‚ñâ‚ñÉ‚ñÅ‚ñÅ Thinking...INFO:     172.18.0.1:33284 - "GET /latest_answer HTTP/1.1" 200 OK
INFO:     172.18.0.1:33260 - "GET /health HTTP/1.1" 200 OK
INFO:     172.18.0.1:44742 - "GET /screenshots/updated_screen.png?timestamp=1751761873133 HTTP/1.1" 200 OK
‚ñá‚ñÉ‚ñÅ‚ñÉ‚ñá‚ñÖ Thinking...INFO:     172.18.0.1:33284 - "GET /latest_answer HTTP/1.1" 200 OK
INFO:     172.18.0.1:33260 - "GET /health HTTP/1.1" 200 OK
‚ñâ‚ñÅ‚ñÅ‚ñÅ‚ñâ‚ñá Thinking...INFO:     172.18.0.1:44742 - "GET /screenshots/updated_screen.png?timestamp=1751761876133 HTTP/1.1" 200 OK
‚ñâ‚ñâ‚ñâ‚ñâ‚ñâ‚ñâ Thinking...INFO:     172.18.0.1:33284 - "GET /latest_answer HTTP/1.1" 200 OK
INFO:     172.18.0.1:33260 - "GET /health HTTP/1.1" 200 OK
INFO:     172.18.0.1:44742 - "GET /screenshots/updated_screen.png?timestamp=1751761879133 HTTP/1.1" 200 OK
‚ñá‚ñâ‚ñÖ‚ñÉ‚ñÖ‚ñá Thinking...INFO:     172.18.0.1:33284 - "GET /latest_answer HTTP/1.1" 200 OK
INFO:     172.18.0.1:33260 - "GET /health HTTP/1.1" 200 OK
INFO:     172.18.0.1:44742 - "GET /screenshots/updated_screen.png?timestamp=1751761882146 HTTP/1.1" 200 OK
‚ñâ‚ñâ‚ñÖ‚ñÉ‚ñÅ‚ñÅ Thinking...INFO:     172.18.0.1:33260 - "GET /health HTTP/1.1" 200 OK
INFO:     172.18.0.1:33284 - "GET /latest_answer HTTP/1.1" 200 OK
INFO:     172.18.0.1:44742 - "GET /screenshots/updated_screen.png?timestamp=1751761885140 HTTP/1.1" 200 OK
‚ñÅ‚ñÖ‚ñá‚ñâ‚ñá‚ñÉ Thinking...INFO:     172.18.0.1:44742 - "GET /health HTTP/1.1" 200 OK
INFO:     172.18.0.1:33284 - "GET /latest_answer HTTP/1.1" 200 OK
INFO:     172.18.0.1:33260 - "GET /screenshots/updated_screen.png?timestamp=1751761888133 HTTP/1.1" 200 OK
‚ñÉ‚ñÅ‚ñÅ‚ñÅ‚ñÅ‚ñÅ Thinking...INFO:     172.18.0.1:33284 - "GET /health HTTP/1.1" 200 OK
INFO:     172.18.0.1:44742 - "GET /latest_answer HTTP/1.1" 200 OK
‚ñÅ‚ñÉ‚ñÖ‚ñÉ‚ñÅ‚ñÅ Thinking...INFO:     172.18.0.1:33260 - "GET /screenshots/updated_screen.png?timestamp=1751761891153 HTTP/1.1" 200 OK
‚ñâ‚ñÅ‚ñÅ‚ñÅ‚ñÅ‚ñÅ Thinking...INFO:     172.18.0.1:33284 - "GET /latest_answer HTTP/1.1" 200 OK
INFO:     172.18.0.1:44742 - "GET /health HTTP/1.1" 200 OK
‚ñâ‚ñâ‚ñÇ‚ñÅ‚ñÅ‚ñÅ Thinking...INFO:     172.18.0.1:33260 - "GET /screenshots/updated_screen.png?timestamp=1751761894132 HTTP/1.1" 200 OK
‚ñÉ‚ñâ‚ñâ‚ñâ‚ñÉ‚ñÅ Thinking...INFO:     172.18.0.1:33260 - "GET /health HTTP/1.1" 200 OK
INFO:     172.18.0.1:33284 - "GET /latest_answer HTTP/1.1" 200 OK
INFO:     172.18.0.1:44742 - "GET /screenshots/updated_screen.png?timestamp=1751761897141 HTTP/1.1" 200 OK
‚ñâ‚ñâ‚ñâ‚ñâ‚ñÖ‚ñÅ Thinking...INFO:     172.18.0.1:33260 - "GET /latest_answer HTTP/1.1" 200 OK
INFO:     172.18.0.1:44742 - "GET /health HTTP/1.1" 200 OK
INFO:     172.18.0.1:33284 - "GET /screenshots/updated_screen.png?timestamp=1751761900136 HTTP/1.1" 200 OK
‚ñá‚ñÉ‚ñÅ‚ñÉ‚ñá‚ñÖ Thinking...INFO:     172.18.0.1:33284 - "GET /health HTTP/1.1" 200 OK
INFO:     172.18.0.1:33260 - "GET /latest_answer HTTP/1.1" 200 OK
INFO:     172.18.0.1:44742 - "GET /screenshots/updated_screen.png?timestamp=1751761903133 HTTP/1.1" 200 OK
‚ñâ‚ñâ‚ñâ‚ñâ‚ñá‚ñÖ Thinking...INFO:     172.18.0.1:33284 - "GET /latest_answer HTTP/1.1" 200 OK
INFO:     172.18.0.1:33260 - "GET /health HTTP/1.1" 200 OK
‚ñâ‚ñâ‚ñÖ‚ñÉ‚ñÅ‚ñÅ Thinking...INFO:     172.18.0.1:44742 - "GET /screenshots/updated_screen.png?timestamp=1751761906145 HTTP/1.1" 200 OK
‚ñá‚ñâ‚ñÖ‚ñÉ‚ñÖ‚ñá Thinking...INFO:     172.18.0.1:33260 - "GET /health HTTP/1.1" 200 OK
INFO:     172.18.0.1:44742 - "GET /screenshots/updated_screen.png?timestamp=1751761909153 HTTP/1.1" 200 OK
INFO:     172.18.0.1:33284 - "GET /latest_answer HTTP/1.1" 200 OK
‚ñâ‚ñâ‚ñÖ‚ñÉ‚ñÅ‚ñÅ Thinking...INFO:     172.18.0.1:44742 - "GET /health HTTP/1.1" 200 OK
INFO:     172.18.0.1:33260 - "GET /latest_answer HTTP/1.1" 200 OK
‚ñâ‚ñá‚ñÉ‚ñÅ‚ñÅ‚ñÅ Thinking...INFO:     172.18.0.1:33284 - "GET /screenshots/updated_screen.png?timestamp=1751761912138 HTTP/1.1" 200 OK


I will navigate to the link.
‚ñÇ‚ñÇ‚ñÇ‚ñÇ‚ñÇ‚ñÇ‚ñÇ‚ñÇ‚ñÇ‚ñÇ‚ñÇ‚ñÇ‚ñÇ‚ñÇ‚ñÇ‚ñÇ‚ñÇ‚ñÇ‚ñÇ‚ñÇ‚ñÇ‚ñÇ‚ñÇ‚ñÇ‚ñÇ‚ñÇ‚ñÇ‚ñÇ‚ñÇ‚ñÇ‚ñÇ‚ñÇ
Going back to results. Still 16
‚ñâ‚ñâ‚ñÇ‚ñÅ‚ñÅ‚ñÅ Thinking...INFO:     172.18.0.1:44742 - "GET /latest_answer HTTP/1.1" 200 OK
INFO:     172.18.0.1:33260 - "GET /health HTTP/1.1" 200 OK
INFO:     172.18.0.1:33284 - "GET /screenshots/updated_screen.png?timestamp=1751761915143 HTTP/1.1" 200 OK
‚ñâ‚ñÅ‚ñÅ‚ñÅ‚ñâ‚ñá Thinking...INFO:     172.18.0.1:44742 - "GET /latest_answer HTTP/1.1" 200 OK
‚ñâ‚ñÖ‚ñÉ‚ñÅ‚ñÉ‚ñÖ Thinking...INFO:     172.18.0.1:33284 - "GET /health HTTP/1.1" 200 OK
‚ñá‚ñâ‚ñÖ‚ñÉ‚ñÖ‚ñá Thinking...INFO:     172.18.0.1:33260 - "GET /screenshots/updated_screen.png?timestamp=1751761918589 HTTP/1.1" 200 OK
‚ñâ‚ñâ‚ñâ‚ñÜ‚ñÉ‚ñÅ Thinking...INFO:     172.18.0.1:33260 - "GET /health HTTP/1.1" 200 OK
‚ñâ‚ñá‚ñÉ‚ñÅ‚ñÅ‚ñÅ Thinking...INFO:     172.18.0.1:33284 - "GET /latest_answer HTTP/1.1" 200 OK
‚ñá‚ñÉ‚ñÅ‚ñÅ‚ñÅ‚ñÅ Thinking...INFO:     172.18.0.1:44742 - "GET /screenshots/updated_screen.png?timestamp=1751761921616 HTTP/1.1" 200 OK
INFO:     172.18.0.1:33260 - "GET /health HTTP/1.1" 200 OK
INFO:     172.18.0.1:33284 - "GET /screenshots/updated_screen.png?timestamp=1751761924518 HTTP/1.1" 200 OK
INFO:     172.18.0.1:45446 - "GET /latest_answer HTTP/1.1" 200 OK
‚ñÅ‚ñÖ‚ñá‚ñâ‚ñá‚ñÉ Thinking...INFO:     172.18.0.1:44742 - "GET /latest_answer HTTP/1.1" 200 OK
‚ñâ‚ñâ‚ñâ‚ñâ‚ñÖ‚ñÅ Thinking...INFO:     172.18.0.1:33284 - "GET /health HTTP/1.1" 200 OK
‚ñá‚ñÉ‚ñÅ‚ñÅ‚ñÅ‚ñÅ Thinking...INFO:     172.18.0.1:33260 - "GET /latest_answer HTTP/1.1" 200 OK
‚ñÉ‚ñÅ‚ñÅ‚ñÅ‚ñÅ‚ñÅ Thinking...INFO:     172.18.0.1:45446 - "GET /screenshots/updated_screen.png?timestamp=1751761927560 HTTP/1.1" 200 OK
INFO:     172.18.0.1:58806 - "GET /health HTTP/1.1" 200 OK
‚ñÉ‚ñâ‚ñâ‚ñâ‚ñÉ‚ñÅ Thinking...INFO:     172.18.0.1:33260 - "GET /latest_answer HTTP/1.1" 200 OK
INFO:     172.18.0.1:44742 - "GET /screenshots/updated_screen.png?timestamp=1751761930651 HTTP/1.1" 200 OK
INFO:     172.18.0.1:33284 - "GET /screenshots/updated_screen.png?timestamp=1751761933637 HTTP/1.1" 200 OK
INFO:     172.18.0.1:58806 - "GET /health HTTP/1.1" 200 OK
INFO:     172.18.0.1:33260 - "GET /health HTTP/1.1" 200 OK
INFO:     172.18.0.1:58806 - "GET /screenshots/updated_screen.png?timestamp=1751761936503 HTTP/1.1" 200 OK
‚ñÖ‚ñâ‚ñÅ‚ñâ‚ñÖ‚ñÉ Thinking...INFO:     172.18.0.1:33260 - "GET /latest_answer HTTP/1.1" 200 OK
‚ñâ‚ñâ‚ñâ‚ñâ‚ñÖ‚ñÅ Thinking...INFO:     172.18.0.1:33260 - "GET /health HTTP/1.1" 200 OK
INFO:     172.18.0.1:33284 - "GET /latest_answer HTTP/1.1" 200 OK
‚ñâ‚ñâ‚ñâ‚ñâ‚ñâ‚ñá Thinking...INFO:     172.18.0.1:58806 - "GET /screenshots/updated_screen.png?timestamp=1751761939470 HTTP/1.1" 200 OK
‚ñâ‚ñÅ‚ñÅ‚ñÅ‚ñâ‚ñá Thinking...INFO:     172.18.0.1:33260 - "GET /latest_answer HTTP/1.1" 200 OK
INFO:     172.18.0.1:33284 - "GET /health HTTP/1.1" 200 OK
INFO:     172.18.0.1:58806 - "GET /screenshots/updated_screen.png?timestamp=1751761942470 HTTP/1.1" 200 OK
‚ñâ‚ñâ‚ñâ‚ñÜ‚ñÉ‚ñÅ Thinking...INFO:     172.18.0.1:58806 - "GET /health HTTP/1.1" 200 OK
INFO:     172.18.0.1:33260 - "GET /latest_answer HTTP/1.1" 200 OK
INFO:     172.18.0.1:33284 - "GET /screenshots/updated_screen.png?timestamp=1751761945469 HTTP/1.1" 200 OK
‚ñÖ‚ñâ‚ñá‚ñÖ‚ñá‚ñâ Thinking...INFO:     172.18.0.1:33260 - "GET /latest_answer HTTP/1.1" 200 OK
INFO:     172.18.0.1:33284 - "GET /health HTTP/1.1" 200 OK
‚ñÉ‚ñá‚ñâ‚ñá‚ñâ‚ñÖ Thinking...INFO:     172.18.0.1:58806 - "GET /screenshots/updated_screen.png?timestamp=1751761948467 HTTP/1.1" 200 OK
‚ñá‚ñÉ‚ñÅ‚ñÅ‚ñÅ‚ñÅ Thinking...INFO:     172.18.0.1:33284 - "GET /health HTTP/1.1" 200 OK
INFO:     172.18.0.1:58806 - "GET /screenshots/updated_screen.png?timestamp=1751761951471 HTTP/1.1" 200 OK
INFO:     172.18.0.1:33260 - "GET /latest_answer HTTP/1.1" 200 OK
‚ñâ‚ñÅ‚ñÅ‚ñÅ‚ñÅ‚ñÅ Thinking...INFO:     172.18.0.1:33284 - "GET /latest_answer HTTP/1.1" 200 OK
INFO:     172.18.0.1:33260 - "GET /health HTTP/1.1" 200 OK
INFO:     172.18.0.1:58806 - "GET /screenshots/updated_screen.png?timestamp=1751761954481 HTTP/1.1" 200 OK
‚ñÉ‚ñâ‚ñâ‚ñâ‚ñÉ‚ñÅ Thinking...INFO:     172.18.0.1:33284 - "GET /latest_answer HTTP/1.1" 200 OK
‚ñÖ‚ñâ‚ñÅ‚ñâ‚ñÖ‚ñÉ Thinking...INFO:     172.18.0.1:33260 - "GET /health HTTP/1.1" 200 OK
INFO:     172.18.0.1:58806 - "GET /screenshots/updated_screen.png?timestamp=1751761957474 HTTP/1.1" 200 OK
‚ñâ‚ñâ‚ñâ‚ñâ‚ñá‚ñÖ Thinking...INFO:     172.18.0.1:33284 - "GET /latest_answer HTTP/1.1" 200 OK
INFO:     172.18.0.1:33260 - "GET /health HTTP/1.1" 200 OK
‚ñâ‚ñâ‚ñâ‚ñÜ‚ñÉ‚ñÅ Thinking...INFO:     172.18.0.1:58806 - "GET /screenshots/updated_screen.png?timestamp=1751761960482 HTTP/1.1" 200 OK
‚ñÖ‚ñâ‚ñá‚ñÖ‚ñá‚ñâ Thinking...INFO:     172.18.0.1:33260 - "GET /health HTTP/1.1" 200 OK
INFO:     172.18.0.1:33284 - "GET /latest_answer HTTP/1.1" 200 OK
INFO:     172.18.0.1:58806 - "GET /screenshots/updated_screen.png?timestamp=1751761963468 HTTP/1.1" 200 OK
‚ñÉ‚ñÅ‚ñÅ‚ñÅ‚ñÅ‚ñÅ Thinking...INFO:     172.18.0.1:33284 - "GET /health HTTP/1.1" 200 OK
INFO:     172.18.0.1:33260 - "GET /latest_answer HTTP/1.1" 200 OK
INFO:     172.18.0.1:58806 - "GET /screenshots/updated_screen.png?timestamp=1751761966469 HTTP/1.1" 200 OK
‚ñâ‚ñâ‚ñâ‚ñÉ‚ñÅ‚ñÅ Thinking...INFO:     172.18.0.1:33260 - "GET /health HTTP/1.1" 200 OK
INFO:     172.18.0.1:33284 - "GET /latest_answer HTTP/1.1" 200 OK
INFO:     172.18.0.1:58806 - "GET /screenshots/updated_screen.png?timestamp=1751761969476 HTTP/1.1" 200 OK
‚ñâ‚ñÅ‚ñÅ‚ñÅ‚ñâ‚ñá Thinking...INFO:     172.18.0.1:33260 - "GET /latest_answer HTTP/1.1" 200 OK
INFO:     172.18.0.1:33284 - "GET /health HTTP/1.1" 200 OK
INFO:     172.18.0.1:58806 - "GET /screenshots/updated_screen.png?timestamp=1751761972469 HTTP/1.1" 200 OK
‚ñâ‚ñâ‚ñÖ‚ñÉ‚ñÅ‚ñÅ Thinking...INFO:     172.18.0.1:33260 - "GET /latest_answer HTTP/1.1" 200 OK
INFO:     172.18.0.1:33284 - "GET /health HTTP/1.1" 200 OK
INFO:     172.18.0.1:58806 - "GET /screenshots/updated_screen.png?timestamp=1751761975466 HTTP/1.1" 200 OK


I will navigate to the link. but the website is unavailable. Consider other options.
‚ñÇ‚ñÇ‚ñÇ‚ñÇ‚ñÇ‚ñÇ‚ñÇ‚ñÇ‚ñÇ‚ñÇ‚ñÇ‚ñÇ‚ñÇ‚ñÇ‚ñÇ‚ñÇ‚ñÇ‚ñÇ‚ñÇ‚ñÇ‚ñÇ‚ñÇ‚ñÇ‚ñÇ‚ñÇ‚ñÇ‚ñÇ‚ñÇ‚ñÇ‚ñÇ‚ñÇ‚ñÇ
Already visited None. Search callback.
‚ñâ‚ñÅ‚ñÅ‚ñÅ‚ñÅ‚ñÅ Thinking...INFO:     172.18.0.1:58806 - "GET /health HTTP/1.1" 200 OK
INFO:     172.18.0.1:33260 - "GET /latest_answer HTTP/1.1" 200 OK
INFO:     172.18.0.1:33284 - "GET /screenshots/updated_screen.png?timestamp=1751761978469 HTTP/1.1" 200 OK
‚ñÖ‚ñâ‚ñÅ‚ñâ‚ñÖ‚ñÉ Thinking...INFO:     172.18.0.1:33284 - "GET /health HTTP/1.1" 200 OK
INFO:     172.18.0.1:58806 - "GET /latest_answer HTTP/1.1" 200 OK
INFO:     172.18.0.1:33260 - "GET /screenshots/updated_screen.png?timestamp=1751761981826 HTTP/1.1" 200 OK
‚ñâ‚ñâ‚ñâ‚ñâ‚ñá‚ñÖ Thinking...INFO:     172.18.0.1:58806 - "GET /health HTTP/1.1" 200 OK
INFO:     172.18.0.1:33284 - "GET /latest_answer HTTP/1.1" 200 OK
INFO:     172.18.0.1:33260 - "GET /screenshots/updated_screen.png?timestamp=1751761984823 HTTP/1.1" 200 OK
‚ñÖ‚ñâ‚ñá‚ñÖ‚ñá‚ñâ Thinking...INFO:     172.18.0.1:58806 - "GET /latest_answer HTTP/1.1" 200 OK
INFO:     172.18.0.1:33284 - "GET /health HTTP/1.1" 200 OK
‚ñÉ‚ñá‚ñâ‚ñá‚ñâ‚ñÖ Thinking...INFO:     172.18.0.1:33260 - "GET /screenshots/updated_screen.png?timestamp=1751761987820 HTTP/1.1" 200 OK
‚ñá‚ñÉ‚ñÅ‚ñÅ‚ñÅ‚ñÅ Thinking...INFO:     172.18.0.1:58806 - "GET /latest_answer HTTP/1.1" 200 OK
INFO:     172.18.0.1:33284 - "GET /health HTTP/1.1" 200 OK
INFO:     172.18.0.1:33260 - "GET /screenshots/updated_screen.png?timestamp=1751761990822 HTTP/1.1" 200 OK
‚ñâ‚ñÅ‚ñÅ‚ñÅ‚ñÅ‚ñÅ Thinking...INFO:     172.18.0.1:33284 - "GET /health HTTP/1.1" 200 OK
INFO:     172.18.0.1:58806 - "GET /latest_answer HTTP/1.1" 200 OK
INFO:     172.18.0.1:33260 - "GET /screenshots/updated_screen.png?timestamp=1751761993815 HTTP/1.1" 200 OK


I will navigate to the link: http://nocowco.as/hucecil.
‚ñÇ‚ñÇ‚ñÇ‚ñÇ‚ñÇ‚ñÇ‚ñÇ‚ñÇ‚ñÇ‚ñÇ‚ñÇ‚ñÇ‚ñÇ‚ñÇ‚ñÇ‚ñÇ‚ñÇ‚ñÇ‚ñÇ‚ñÇ‚ñÇ‚ñÇ‚ñÇ‚ñÇ‚ñÇ‚ñÇ‚ñÇ‚ñÇ‚ñÇ‚ñÇ‚ñÇ‚ñÇ
Failed to navigate to http://nocowco.as/hucecil.
‚ñâ‚ñÅ‚ñÅ‚ñÅ‚ñÅ‚ñÅ Thinking...INFO:     172.18.0.1:33284 - "GET /latest_answer HTTP/1.1" 200 OK
INFO:     172.18.0.1:58806 - "GET /health HTTP/1.1" 200 OK
INFO:     172.18.0.1:33284 - "GET /latest_answer HTTP/1.1" 200 OK
INFO:     172.18.0.1:58806 - "GET /health HTTP/1.1" 200 OK
INFO:     172.18.0.1:33284 - "GET /latest_answer HTTP/1.1" 200 OK
INFO:     172.18.0.1:33260 - "GET /screenshots/updated_screen.png?timestamp=1751761996816 HTTP/1.1" 200 OK
INFO:     172.18.0.1:58806 - "GET /health HTTP/1.1" 200 OK
INFO:     172.18.0.1:53482 - "GET /screenshots/updated_screen.png?timestamp=1751761999817 HTTP/1.1" 200 OK
INFO:     172.18.0.1:41768 - "GET /screenshots/updated_screen.png?timestamp=1751762002822 HTTP/1.1" 200 OK
‚ñÉ‚ñâ‚ñâ‚ñâ‚ñÉ‚ñÅ Thinking...INFO:     172.18.0.1:41768 - "GET /health HTTP/1.1" 200 OK
INFO:     172.18.0.1:33260 - "GET /latest_answer HTTP/1.1" 200 OK
INFO:     172.18.0.1:53482 - "GET /screenshots/updated_screen.png?timestamp=1751762006061 HTTP/1.1" 200 OK
‚ñâ‚ñâ‚ñâ‚ñâ‚ñÖ‚ñÅ Thinking...INFO:     172.18.0.1:33260 - "GET /health HTTP/1.1" 200 OK
INFO:     172.18.0.1:41768 - "GET /latest_answer HTTP/1.1" 200 OK
INFO:     172.18.0.1:53482 - "GET /screenshots/updated_screen.png?timestamp=1751762009026 HTTP/1.1" 200 OK
‚ñâ‚ñÅ‚ñÅ‚ñÅ‚ñâ‚ñá Thinking...INFO:     172.18.0.1:41768 - "GET /health HTTP/1.1" 200 OK
INFO:     172.18.0.1:33260 - "GET /latest_answer HTTP/1.1" 200 OK
INFO:     172.18.0.1:53482 - "GET /screenshots/updated_screen.png?timestamp=1751762012021 HTTP/1.1" 200 OK
‚ñâ‚ñâ‚ñâ‚ñâ‚ñá‚ñÖ Thinking...INFO:     172.18.0.1:33260 - "GET /health HTTP/1.1" 200 OK
INFO:     172.18.0.1:41768 - "GET /latest_answer HTTP/1.1" 200 OK
INFO:     172.18.0.1:53482 - "GET /screenshots/updated_screen.png?timestamp=1751762015018 HTTP/1.1" 200 OK
‚ñÅ‚ñÉ‚ñÖ‚ñá‚ñÖ‚ñÅ Thinking...INFO:     172.18.0.1:53482 - "GET /health HTTP/1.1" 200 OK
INFO:     172.18.0.1:33260 - "GET /latest_answer HTTP/1.1" 200 OK
INFO:     172.18.0.1:41768 - "GET /screenshots/updated_screen.png?timestamp=1751762018696 HTTP/1.1" 200 OK
‚ñÅ‚ñÉ‚ñÖ‚ñÉ‚ñÅ‚ñÅ Thinking...INFO:     172.18.0.1:41768 - "GET /health HTTP/1.1" 200 OK
INFO:     172.18.0.1:53482 - "GET /latest_answer HTTP/1.1" 200 OK
INFO:     172.18.0.1:33260 - "GET /screenshots/updated_screen.png?timestamp=1751762021700 HTTP/1.1" 200 OK
‚ñâ‚ñâ‚ñÇ‚ñÅ‚ñÅ‚ñÅ Thinking...INFO:     172.18.0.1:53482 - "GET /health HTTP/1.1" 200 OK
INFO:     172.18.0.1:41768 - "GET /latest_answer HTTP/1.1" 200 OK
INFO:     172.18.0.1:33260 - "GET /screenshots/updated_screen.png?timestamp=1751762024699 HTTP/1.1" 200 OK


I will navigate to <http://youtu.be/aai1k4SX_uk?si=l7_V8OsCtD3XIRU2>
‚ñÇ‚ñÇ‚ñÇ‚ñÇ‚ñÇ‚ñÇ‚ñÇ‚ñÇ‚ñÇ‚ñÇ‚ñÇ‚ñÇ‚ñÇ‚ñÇ‚ñÇ‚ñÇ‚ñÇ‚ñÇ‚ñÇ‚ñÇ‚ñÇ‚ñÇ‚ñÇ‚ñÇ‚ñÇ‚ñÇ‚ñÇ‚ñÇ‚ñÇ‚ñÇ‚ñÇ‚ñÇ
‚ñâ‚ñÅ‚ñÅ‚ñÅ‚ñÅ‚ñÅ Thinking...INFO:     172.18.0.1:33260 - "GET /health HTTP/1.1" 200 OK
INFO:     172.18.0.1:41768 - "GET /latest_answer HTTP/1.1" 200 OK
INFO:     172.18.0.1:34558 - "GET /screenshots/updated_screen.png?timestamp=1751762033019 HTTP/1.1" 200 OK
INFO:     172.18.0.1:34554 - "GET /screenshots/updated_screen.png?timestamp=1751762030024 HTTP/1.1" 200 OK
INFO:     172.18.0.1:53482 - "GET /screenshots/updated_screen.png?timestamp=1751762027700 HTTP/1.1" 200 OK
INFO:     172.18.0.1:41768 - "GET /screenshots/updated_screen.png?timestamp=1751762039717 HTTP/1.1" 200 OK
INFO:     172.18.0.1:33260 - "GET /screenshots/updated_screen.png?timestamp=1751762036026 HTTP/1.1" 200 OK
INFO:     172.18.0.1:53482 - "GET /screenshots/updated_screen.png?timestamp=1751762042707 HTTP/1.1" 200 OK
INFO:     172.18.0.1:34558 - "GET /screenshots/updated_screen.png?timestamp=1751762045705 HTTP/1.1" 200 OK
INFO:     172.18.0.1:33260 - "GET /health HTTP/1.1" 200 OK
INFO:     172.18.0.1:41768 - "GET /latest_answer HTTP/1.1" 200 OK
INFO:     172.18.0.1:41768 - "GET /health HTTP/1.1" 200 OK
INFO:     172.18.0.1:34554 - "GET /screenshots/updated_screen.png?timestamp=1751762048699 HTTP/1.1" 200 OK
INFO:     172.18.0.1:33260 - "GET /screenshots/updated_screen.png?timestamp=1751762051703 HTTP/1.1" 200 OK
INFO:     172.18.0.1:41768 - "GET /latest_answer HTTP/1.1" 200 OK
INFO:     172.18.0.1:41768 - "GET /screenshots/updated_screen.png?timestamp=1751762054028 HTTP/1.1" 200 OK
‚ñâ‚ñâ‚ñÇ‚ñÅ‚ñÅ‚ñÅ Thinking...INFO:     172.18.0.1:53482 - "GET /health HTTP/1.1" 200 OK
INFO:     172.18.0.1:34558 - "GET /latest_answer HTTP/1.1" 200 OK
INFO:     172.18.0.1:34554 - "GET /health HTTP/1.1" 200 OK
INFO:     172.18.0.1:34558 - "GET /latest_answer HTTP/1.1" 200 OK
INFO:     172.18.0.1:34558 - "GET /health HTTP/1.1" 200 OK
INFO:     172.18.0.1:53482 - "GET /screenshots/updated_screen.png?timestamp=1751762057026 HTTP/1.1" 200 OK
INFO:     172.18.0.1:34554 - "GET /screenshots/updated_screen.png?timestamp=1751762060025 HTTP/1.1" 200 OK
INFO:     172.18.0.1:34558 - "GET /latest_answer HTTP/1.1" 200 OK
INFO:     172.18.0.1:33260 - "GET /health HTTP/1.1" 200 OK
INFO:     172.18.0.1:33260 - "GET /latest_answer HTTP/1.1" 200 OK
INFO:     172.18.0.1:34558 - "GET /screenshots/updated_screen.png?timestamp=1751762063025 HTTP/1.1" 200 OK
INFO:     172.18.0.1:41768 - "GET /health HTTP/1.1" 200 OK
INFO:     172.18.0.1:33260 - "GET /screenshots/updated_screen.png?timestamp=1751762066021 HTTP/1.1" 200 OK
INFO:     172.18.0.1:41768 - "GET /latest_answer HTTP/1.1" 200 OK
INFO:     172.18.0.1:41768 - "GET /screenshots/updated_screen.png?timestamp=1751762069034 HTTP/1.1" 200 OK
INFO:     172.18.0.1:53482 - "GET /health HTTP/1.1" 200 OK
INFO:     172.18.0.1:34554 - "GET /latest_answer HTTP/1.1" 200 OK
INFO:     172.18.0.1:34554 - "GET /health HTTP/1.1" 200 OK
INFO:     172.18.0.1:34558 - "GET /latest_answer HTTP/1.1" 200 OK
INFO:     172.18.0.1:53482 - "GET /screenshots/updated_screen.png?timestamp=1751762072030 HTTP/1.1" 200 OK
INFO:     172.18.0.1:34558 - "GET /health HTTP/1.1" 200 OK
INFO:     172.18.0.1:34554 - "GET /screenshots/updated_screen.png?timestamp=1751762075029 HTTP/1.1" 200 OK
INFO:     172.18.0.1:34558 - "GET /latest_answer HTTP/1.1" 200 OK
INFO:     172.18.0.1:33260 - "GET /health HTTP/1.1" 200 OK
INFO:     172.18.0.1:33260 - "GET /latest_answer HTTP/1.1" 200 OK
INFO:     172.18.0.1:34558 - "GET /screenshots/updated_screen.png?timestamp=1751762078024 HTTP/1.1" 200 OK
INFO:     172.18.0.1:33260 - "GET /screenshots/updated_screen.png?timestamp=1751762081023 HTTP/1.1" 200 OK
INFO:     172.18.0.1:41768 - "GET /health HTTP/1.1" 200 OK
INFO:     172.18.0.1:41768 - "GET /latest_answer HTTP/1.1" 200 OK
INFO:     172.18.0.1:41768 - "GET /screenshots/updated_screen.png?timestamp=1751762084020 HTTP/1.1" 200 OK
‚ñâ‚ñâ‚ñâ‚ñÉ‚ñÅ‚ñÅ Thinking...INFO:     172.18.0.1:53482 - "GET /health HTTP/1.1" 200 OK
INFO:     172.18.0.1:34554 - "GET /latest_answer HTTP/1.1" 200 OK
INFO:     172.18.0.1:33260 - "GET /health HTTP/1.1" 200 OK
INFO:     172.18.0.1:53482 - "GET /latest_answer HTTP/1.1" 200 OK
INFO:     172.18.0.1:33260 - "GET /health HTTP/1.1" 200 OK
INFO:     172.18.0.1:53482 - "GET /latest_answer HTTP/1.1" 200 OK
INFO:     172.18.0.1:53482 - "GET /health HTTP/1.1" 200 OK
INFO:     172.18.0.1:53482 - "GET /latest_answer HTTP/1.1" 200 OK
INFO:     172.18.0.1:33260 - "GET /screenshots/updated_screen.png?timestamp=1751762093028 HTTP/1.1" 200 OK
INFO:     172.18.0.1:34558 - "GET /screenshots/updated_screen.png?timestamp=1751762087023 HTTP/1.1" 200 OK
INFO:     172.18.0.1:34554 - "GET /screenshots/updated_screen.png?timestamp=1751762090021 HTTP/1.1" 200 OK
INFO:     172.18.0.1:53482 - "GET /health HTTP/1.1" 200 OK
INFO:     172.18.0.1:41768 - "GET /screenshots/updated_screen.png?timestamp=1751762096019 HTTP/1.1" 200 OK
INFO:     172.18.0.1:53482 - "GET /latest_answer HTTP/1.1" 200 OK
INFO:     172.18.0.1:53482 - "GET /health HTTP/1.1" 200 OK
INFO:     172.18.0.1:33260 - "GET /latest_answer HTTP/1.1" 200 OK
INFO:     172.18.0.1:33260 - "GET /latest_answer HTTP/1.1" 200 OK
INFO:     172.18.0.1:53482 - "GET /health HTTP/1.1" 200 OK
INFO:     172.18.0.1:33260 - "GET /latest_answer HTTP/1.1" 200 OK
INFO:     172.18.0.1:53482 - "GET /health HTTP/1.1" 200 OK
INFO:     172.18.0.1:33260 - "GET /latest_answer HTTP/1.1" 200 OK
INFO:     172.18.0.1:53482 - "GET /health HTTP/1.1" 200 OK
‚ñâ‚ñâ‚ñâ‚ñâ‚ñÖ‚ñÅ Thinking...INFO:     172.18.0.1:33260 - "GET /latest_answer HTTP/1.1" 200 OK
INFO:     172.18.0.1:53482 - "GET /health HTTP/1.1" 200 OK
INFO:     172.18.0.1:33260 - "GET /latest_answer HTTP/1.1" 200 OK
INFO:     172.18.0.1:53482 - "GET /health HTTP/1.1" 200 OK
‚ñâ‚ñÖ‚ñÉ‚ñÅ‚ñÉ‚ñÖ Thinking...INFO:     172.18.0.1:41768 - "GET /latest_answer HTTP/1.1" 200 OK
INFO:     172.18.0.1:33260 - "GET /health HTTP/1.1" 200 OK
INFO:     172.18.0.1:53482 - "GET /screenshots/updated_screen.png?timestamp=1751762101415 HTTP/1.1" 200 OK
‚ñâ‚ñâ‚ñÖ‚ñÉ‚ñÅ‚ñÅ Thinking...INFO:     172.18.0.1:41768 - "GET /latest_answer HTTP/1.1" 200 OK
INFO:     172.18.0.1:33260 - "GET /health HTTP/1.1" 200 OK
INFO:     172.18.0.1:53482 - "GET /screenshots/updated_screen.png?timestamp=1751762104418 HTTP/1.1" 200 OK
‚ñÉ‚ñá‚ñâ‚ñá‚ñâ‚ñÖ Thinking...INFO:     172.18.0.1:33260 - "GET /health HTTP/1.1" 200 OK
INFO:     172.18.0.1:41768 - "GET /latest_answer HTTP/1.1" 200 OK
‚ñÅ‚ñÖ‚ñá‚ñâ‚ñá‚ñÉ Thinking...INFO:     172.18.0.1:53482 - "GET /screenshots/updated_screen.png?timestamp=1751762107420 HTTP/1.1" 200 OK
‚ñÉ‚ñÅ‚ñÅ‚ñÅ‚ñÅ‚ñÅ Thinking...INFO:     172.18.0.1:41768 - "GET /latest_answer HTTP/1.1" 200 OK
INFO:     172.18.0.1:33260 - "GET /health HTTP/1.1" 200 OK
INFO:     172.18.0.1:53482 - "GET /screenshots/updated_screen.png?timestamp=1751762110515 HTTP/1.1" 200 OK
‚ñâ‚ñÅ‚ñÅ‚ñÅ‚ñÅ‚ñÅ Thinking...INFO:     172.18.0.1:33260 - "GET /health HTTP/1.1" 200 OK
INFO:     172.18.0.1:41768 - "GET /latest_answer HTTP/1.1" 200 OK
‚ñâ‚ñâ‚ñÇ‚ñÅ‚ñÅ‚ñÅ Thinking...INFO:     172.18.0.1:53482 - "GET /screenshots/updated_screen.png?timestamp=1751762113411 HTTP/1.1" 200 OK
‚ñÉ‚ñâ‚ñâ‚ñâ‚ñÉ‚ñÅ Thinking...INFO:     172.18.0.1:33260 - "GET /latest_answer HTTP/1.1" 200 OK
INFO:     172.18.0.1:41768 - "GET /health HTTP/1.1" 200 OK
INFO:     172.18.0.1:53482 - "GET /screenshots/updated_screen.png?timestamp=1751762116410 HTTP/1.1" 200 OK
‚ñâ‚ñâ‚ñâ‚ñâ‚ñâ‚ñá Thinking...INFO:     172.18.0.1:41768 - "GET /health HTTP/1.1" 200 OK
INFO:     172.18.0.1:33260 - "GET /latest_answer HTTP/1.1" 200 OK
INFO:     172.18.0.1:53482 - "GET /screenshots/updated_screen.png?timestamp=1751762119409 HTTP/1.1" 200 OK
‚ñâ‚ñÅ‚ñÅ‚ñÅ‚ñâ‚ñá Thinking...INFO:     172.18.0.1:41768 - "GET /latest_answer HTTP/1.1" 200 OK
INFO:     172.18.0.1:33260 - "GET /health HTTP/1.1" 200 OK
INFO:     172.18.0.1:53482 - "GET /screenshots/updated_screen.png?timestamp=1751762122412 HTTP/1.1" 200 OK
‚ñâ‚ñâ‚ñâ‚ñÜ‚ñÉ‚ñÅ Thinking...INFO:     172.18.0.1:33260 - "GET /health HTTP/1.1" 200 OK
INFO:     172.18.0.1:41768 - "GET /latest_answer HTTP/1.1" 200 OK
INFO:     172.18.0.1:53482 - "GET /screenshots/updated_screen.png?timestamp=1751762125414 HTTP/1.1" 200 OK
‚ñÉ‚ñá‚ñâ‚ñá‚ñâ‚ñÖ Thinking...INFO:     172.18.0.1:33260 - "GET /latest_answer HTTP/1.1" 200 OK
INFO:     172.18.0.1:41768 - "GET /health HTTP/1.1" 200 OK
INFO:     172.18.0.1:53482 - "GET /screenshots/updated_screen.png?timestamp=1751762128417 HTTP/1.1" 200 OK
‚ñá‚ñÉ‚ñÅ‚ñÅ‚ñÅ‚ñÅ Thinking...INFO:     172.18.0.1:33260 - "GET /latest_answer HTTP/1.1" 200 OK
INFO:     172.18.0.1:41768 - "GET /health HTTP/1.1" 200 OK
‚ñÉ‚ñÅ‚ñÅ‚ñÅ‚ñÅ‚ñÅ Thinking...INFO:     172.18.0.1:53482 - "GET /screenshots/updated_screen.png?timestamp=1751762131414 HTTP/1.1" 200 OK
‚ñâ‚ñÅ‚ñÅ‚ñÅ‚ñÅ‚ñÅ Thinking...INFO:     172.18.0.1:41768 - "GET /health HTTP/1.1" 200 OK
INFO:     172.18.0.1:33260 - "GET /latest_answer HTTP/1.1" 200 OK
INFO:     172.18.0.1:53482 - "GET /screenshots/updated_screen.png?timestamp=1751762134412 HTTP/1.1" 200 OK
‚ñÅ‚ñÖ‚ñâ‚ñÖ‚ñÅ‚ñÅ Thinking...INFO:     172.18.0.1:33260 - "GET /health HTTP/1.1" 200 OK
INFO:     172.18.0.1:41768 - "GET /latest_answer HTTP/1.1" 200 OK
INFO:     172.18.0.1:53482 - "GET /screenshots/updated_screen.png?timestamp=1751762137409 HTTP/1.1" 200 OK
‚ñâ‚ñâ‚ñâ‚ñâ‚ñÖ‚ñÅ Thinking...INFO:     172.18.0.1:41768 - "GET /health HTTP/1.1" 200 OK
INFO:     172.18.0.1:33260 - "GET /latest_answer HTTP/1.1" 200 OK
INFO:     172.18.0.1:53482 - "GET /screenshots/updated_screen.png?timestamp=1751762140414 HTTP/1.1" 200 OK
‚ñâ‚ñÅ‚ñÅ‚ñÅ‚ñâ‚ñá Thinking...INFO:     172.18.0.1:33260 - "GET /health HTTP/1.1" 200 OK
INFO:     172.18.0.1:41768 - "GET /latest_answer HTTP/1.1" 200 OK
INFO:     172.18.0.1:41768 - "GET /health HTTP/1.1" 200 OK
INFO:     172.18.0.1:33260 - "GET /stop HTTP/1.1" 200 OK
INFO:     172.18.0.1:53482 - "GET /screenshots/updated_screen.png?timestamp=1751762143445 HTTP/1.1" 200 OK
‚ñâ‚ñâ‚ñâ‚ñâ‚ñá‚ñÖ Thinking...INFO:     172.18.0.1:33260 - "GET /health HTTP/1.1" 200 OK
INFO:     172.18.0.1:41768 - "GET /latest_answer HTTP/1.1" 200 OK
INFO:     172.18.0.1:53482 - "GET /screenshots/updated_screen.png?timestamp=1751762146426 HTTP/1.1" 200 OK
‚ñá‚ñâ‚ñÖ‚ñÉ‚ñÖ‚ñá Thinking...INFO:     172.18.0.1:33260 - "GET /latest_answer HTTP/1.1" 200 OK
INFO:     172.18.0.1:41768 - "GET /health HTTP/1.1" 200 OK
INFO:     172.18.0.1:53482 - "GET /screenshots/updated_screen.png?timestamp=1751762149410 HTTP/1.1" 200 OK
‚ñâ‚ñá‚ñÉ‚ñÅ‚ñÅ‚ñÅ Thinking...INFO:     172.18.0.1:53482 - "GET /screenshots/updated_screen.png?timestamp=1751762152416 HTTP/1.1" 200 OK
INFO:     172.18.0.1:33260 - "GET /health HTTP/1.1" 200 OK
INFO:     172.18.0.1:41768 - "GET /latest_answer HTTP/1.1" 200 OK
‚ñÅ‚ñÖ‚ñá‚ñâ‚ñá‚ñÉ Thinking...INFO:     172.18.0.1:33260 - "GET /latest_answer HTTP/1.1" 200 OK
INFO:     172.18.0.1:41768 - "GET /health HTTP/1.1" 200 OK
INFO:     172.18.0.1:53482 - "GET /screenshots/updated_screen.png?timestamp=1751762155418 HTTP/1.1" 200 OK
‚ñÉ‚ñÅ‚ñÅ‚ñÅ‚ñÅ‚ñÅ Thinking...INFO:     172.18.0.1:53482 - "GET /health HTTP/1.1" 200 OK
INFO:     172.18.0.1:41768 - "POST /query HTTP/1.1" 429 Too Many Requests
‚ñâ‚ñâ‚ñâ‚ñâ‚ñÖ‚ñÅ Thinking...INFO:     172.18.0.1:53482 - "GET /health HTTP/1.1" 200 OK
INFO:     172.18.0.1:58352 - "GET /latest_answer HTTP/1.1" 200 OK
INFO:     172.18.0.1:41768 - "GET /screenshots/updated_screen.png?timestamp=1751762161670 HTTP/1.1" 200 OK
‚ñá‚ñâ‚ñÖ‚ñÉ‚ñÖ‚ñá Thinking...INFO:     172.18.0.1:41768 - "GET /health HTTP/1.1" 200 OK
‚ñÖ‚ñâ‚ñá‚ñÖ‚ñá‚ñâ Thinking...INFO:     172.18.0.1:41768 - "GET /latest_answer HTTP/1.1" 200 OK
INFO:     172.18.0.1:41768 - "GET /screenshots/updated_screen.png?timestamp=1751762165320 HTTP/1.1" 200 OK
‚ñâ‚ñâ‚ñâ‚ñâ‚ñá‚ñÖ Thinking...INFO:     172.18.0.1:34272 - "GET /latest_answer HTTP/1.1" 200 OK
INFO:     172.18.0.1:34270 - "GET /health HTTP/1.1" 200 OK
INFO:     172.18.0.1:41768 - "GET /screenshots/updated_screen.png?timestamp=1751762167676 HTTP/1.1" 200 OK
‚ñá‚ñâ‚ñÖ‚ñÉ‚ñÖ‚ñá Thinking...INFO:     172.18.0.1:34272 - "GET /latest_answer HTTP/1.1" 200 OK
INFO:     172.18.0.1:34270 - "GET /health HTTP/1.1" 200 OK
INFO:     172.18.0.1:41768 - "GET /screenshots/updated_screen.png?timestamp=1751762170675 HTTP/1.1" 200 OK
‚ñâ‚ñá‚ñÉ‚ñÅ‚ñÅ‚ñÅ Thinking...INFO:     172.18.0.1:34272 - "GET /latest_answer HTTP/1.1" 200 OK
INFO:     172.18.0.1:34270 - "GET /health HTTP/1.1" 200 OK
INFO:     172.18.0.1:41768 - "GET /screenshots/updated_screen.png?timestamp=1751762173683 HTTP/1.1" 200 OK
INFO:     Shutting down
INFO:     Waiting for connections to close. (CTRL+C to force quit)
‚ñá‚ñÉ‚ñÅ‚ñÉ‚ñá‚ñÖ Thinking...Device set to use cpu
‚ñâ‚ñÅ‚ñÅ‚ñÅ‚ñÅ‚ñÅ Initializing text-to-speech...WARNING: Defaulting repo_id to hexgrad/Kokoro-82M. Pass repo_id='hexgrad/Kokoro-82M' to suppress this warning.
/usr/local/lib/python3.11/site-packages/torch/nn/modules/rnn.py:123: UserWarning: dropout option adds dropout after all but last recurrent layer, so non-zero dropout expects num_layers greater than 1, but got dropout=0.2 and num_layers=1
  warnings.warn(
/usr/local/lib/python3.11/site-packages/torch/nn/utils/weight_norm.py:143: FutureWarning: `torch.nn.utils.weight_norm` is deprecated in favor of `torch.nn.utils.parametrizations.weight_norm`.
  WeightNorm.apply(module, name, dim)
Collecting en-core-web-sm==3.8.0
  Downloading https://github.com/explosion/spacy-models/releases/download/en_core_web_sm-3.8.0/en_core_web_sm-3.8.0-py3-none-any.whl (12.8 MB)
     ‚îÅ‚îÅ‚îÅ‚îÅ‚îÅ‚îÅ‚îÅ‚îÅ‚îÅ‚îÅ‚îÅ‚îÅ‚îÅ‚îÅ‚îÅ‚îÅ‚îÅ‚îÅ‚îÅ‚îÅ‚îÅ‚îÅ‚îÅ‚îÅ‚îÅ‚îÅ‚îÅ‚îÅ‚îÅ‚îÅ‚îÅ‚îÅ‚îÅ‚îÅ‚îÅ‚îÅ‚îÅ‚îÅ‚îÅ‚îÅ 12.8/12.8 MB 3.2 MB/s eta 0:00:00
Installing collected packages: en-core-web-sm
Successfully installed en-core-web-sm-3.8.0
WARNING: Running pip as the 'root' user can result in broken permissions and conflicting behaviour with the system package manager, possibly rendering your system unusable. It is recommended to use a virtual environment instead: https://pip.pypa.io/warnings/venv. Use the --root-user-action option if you know what you are doing and want to suppress this warning.
‚úî Download and installation successful
You can now load the package via spacy.load('en_core_web_sm')
‚ñâ‚ñâ‚ñâ‚ñÜ‚ñÉ‚ñÅ Initializing speech recognition...Device set to use cpu
ALSA lib confmisc.c:855:(parse_card) cannot find card '0'
ALSA lib conf.c:5180:(_snd_config_evaluate) function snd_func_card_inum returned error: No such file or directory
ALSA lib confmisc.c:422:(snd_func_concat) error evaluating strings
ALSA lib conf.c:5180:(_snd_config_evaluate) function snd_func_concat returned error: No such file or directory
ALSA lib confmisc.c:1334:(snd_func_refer) error evaluating name
ALSA lib conf.c:5180:(_snd_config_evaluate) function snd_func_refer returned error: No such file or directory
ALSA lib conf.c:5703:(snd_config_expand) Evaluate error: No such file or directory
ALSA lib pcm.c:2666:(snd_pcm_open_noupdate) Unknown PCM sysdefault
ALSA lib confmisc.c:855:(parse_card) cannot find card '0'
ALSA lib conf.c:5180:(_snd_config_evaluate) function snd_func_card_inum returned error: No such file or directory
ALSA lib confmisc.c:422:(snd_func_concat) error evaluating strings
ALSA lib conf.c:5180:(_snd_config_evaluate) function snd_func_concat returned error: No such file or directory
ALSA lib confmisc.c:1334:(snd_func_refer) error evaluating name
ALSA lib conf.c:5180:(_snd_config_evaluate) function snd_func_refer returned error: No such file or directory
ALSA lib conf.c:5703:(snd_config_expand) Evaluate error: No such file or directory
ALSA lib pcm.c:2666:(snd_pcm_open_noupdate) Unknown PCM sysdefault
ALSA lib pcm.c:2666:(snd_pcm_open_noupdate) Unknown PCM cards.pcm.front
ALSA lib pcm.c:2666:(snd_pcm_open_noupdate) Unknown PCM cards.pcm.rear
ALSA lib pcm.c:2666:(snd_pcm_open_noupdate) Unknown PCM cards.pcm.center_lfe
ALSA lib pcm.c:2666:(snd_pcm_open_noupdate) Unknown PCM cards.pcm.side
ALSA lib pcm.c:2666:(snd_pcm_open_noupdate) Unknown PCM cards.pcm.surround21
ALSA lib pcm.c:2666:(snd_pcm_open_noupdate) Unknown PCM cards.pcm.surround21
ALSA lib pcm.c:2666:(snd_pcm_open_noupdate) Unknown PCM cards.pcm.surround40
ALSA lib pcm.c:2666:(snd_pcm_open_noupdate) Unknown PCM cards.pcm.surround41
ALSA lib pcm.c:2666:(snd_pcm_open_noupdate) Unknown PCM cards.pcm.surround50
ALSA lib pcm.c:2666:(snd_pcm_open_noupdate) Unknown PCM cards.pcm.surround51
ALSA lib pcm.c:2666:(snd_pcm_open_noupdate) Unknown PCM cards.pcm.surround71
ALSA lib pcm.c:2666:(snd_pcm_open_noupdate) Unknown PCM cards.pcm.iec958
ALSA lib pcm.c:2666:(snd_pcm_open_noupdate) Unknown PCM cards.pcm.iec958
ALSA lib pcm.c:2666:(snd_pcm_open_noupdate) Unknown PCM cards.pcm.iec958
ALSA lib pcm.c:2666:(snd_pcm_open_noupdate) Unknown PCM cards.pcm.hdmi
ALSA lib pcm.c:2666:(snd_pcm_open_noupdate) Unknown PCM cards.pcm.hdmi
ALSA lib pcm.c:2666:(snd_pcm_open_noupdate) Unknown PCM cards.pcm.modem
ALSA lib pcm.c:2666:(snd_pcm_open_noupdate) Unknown PCM cards.pcm.modem
ALSA lib pcm.c:2666:(snd_pcm_open_noupdate) Unknown PCM cards.pcm.phoneline
ALSA lib pcm.c:2666:(snd_pcm_open_noupdate) Unknown PCM cards.pcm.phoneline
ALSA lib confmisc.c:855:(parse_card) cannot find card '0'
ALSA lib conf.c:5180:(_snd_config_evaluate) function snd_func_card_inum returned error: No such file or directory
ALSA lib confmisc.c:422:(snd_func_concat) error evaluating strings
ALSA lib conf.c:5180:(_snd_config_evaluate) function snd_func_concat returned error: No such file or directory
ALSA lib confmisc.c:1334:(snd_func_refer) error evaluating name
ALSA lib conf.c:5180:(_snd_config_evaluate) function snd_func_refer returned error: No such file or directory
ALSA lib conf.c:5703:(snd_config_expand) Evaluate error: No such file or directory
ALSA lib pcm.c:2666:(snd_pcm_open_noupdate) Unknown PCM default
ALSA lib confmisc.c:855:(parse_card) cannot find card '0'
ALSA lib conf.c:5180:(_snd_config_evaluate) function snd_func_card_inum returned error: No such file or directory
ALSA lib confmisc.c:422:(snd_func_concat) error evaluating strings
ALSA lib conf.c:5180:(_snd_config_evaluate) function snd_func_concat returned error: No such file or directory
ALSA lib confmisc.c:1334:(snd_func_refer) error evaluating name
ALSA lib conf.c:5180:(_snd_config_evaluate) function snd_func_refer returned error: No such file or directory
ALSA lib conf.c:5703:(snd_config_expand) Evaluate error: No such file or directory
ALSA lib pcm.c:2666:(snd_pcm_open_noupdate) Unknown PCM default
ALSA lib confmisc.c:855:(parse_card) cannot find card '0'
ALSA lib conf.c:5180:(_snd_config_evaluate) function snd_func_card_id returned error: No such file or directory
ALSA lib confmisc.c:422:(snd_func_concat) error evaluating strings
ALSA lib conf.c:5180:(_snd_config_evaluate) function snd_func_concat returned error: No such file or directory
ALSA lib confmisc.c:1334:(snd_func_refer) error evaluating name
ALSA lib conf.c:5180:(_snd_config_evaluate) function snd_func_refer returned error: No such file or directory
ALSA lib conf.c:5703:(snd_config_expand) Evaluate error: No such file or directory
ALSA lib pcm.c:2666:(snd_pcm_open_noupdate) Unknown PCM dmix
Cannot connect to server socket err = No such file or directory
Cannot connect to server request channel
jack server is not running or cannot be started
JackShmReadWritePtr::~JackShmReadWritePtr - Init not done for -1, skipping unlock
JackShmReadWritePtr::~JackShmReadWritePtr - Init not done for -1, skipping unlock
ALSA lib confmisc.c:855:(parse_card) cannot find card '0'
ALSA lib conf.c:5180:(_snd_config_evaluate) function snd_func_card_inum returned error: No such file or directory
ALSA lib confmisc.c:422:(snd_func_concat) error evaluating strings
ALSA lib conf.c:5180:(_snd_config_evaluate) function snd_func_concat returned error: No such file or directory
ALSA lib confmisc.c:1334:(snd_func_refer) error evaluating name
ALSA lib conf.c:5180:(_snd_config_evaluate) function snd_func_refer returned error: No such file or directory
ALSA lib conf.c:5703:(snd_config_expand) Evaluate error: No such file or directory
ALSA lib pcm.c:2666:(snd_pcm_open_noupdate) Unknown PCM default
aplay: main:831: audio open error: No such file or directory
INFO:     Started server process [1]
INFO:     Waiting for application startup.
INFO:     Application startup complete.
INFO:     Uvicorn running on http://0.0.0.0:7777 (Press CTRL+C to quit)
Text-to-speech trigger is Jarvis
AgenticSeek is ready.
[AgenticSeek] Starting in Docker container...
INFO:     172.18.0.1:37322 - "GET /latest_answer HTTP/1.1" 404 Not Found
INFO:     172.18.0.1:37326 - "GET /health HTTP/1.1" 200 OK
INFO:     172.18.0.1:37324 - "GET /screenshots/updated_screen.png?timestamp=1751787132802 HTTP/1.1" 200 OK
INFO:     172.18.0.1:41522 - "GET /health HTTP/1.1" 200 OK
INFO:     172.18.0.1:41542 - "GET /latest_answer HTTP/1.1" 404 Not Found
INFO:     172.18.0.1:41534 - "GET /screenshots/updated_screen.png?timestamp=1751787192703 HTTP/1.1" 200 OK
INFO:     172.18.0.1:56992 - "GET /health HTTP/1.1" 200 OK
INFO:     172.18.0.1:57000 - "GET /latest_answer HTTP/1.1" 404 Not Found
INFO:     172.18.0.1:56994 - "GET /screenshots/updated_screen.png?timestamp=1751787199623 HTTP/1.1" 200 OK
INFO:     Shutting down
INFO:     Waiting for application shutdown.
INFO:     Application shutdown complete.
INFO:     Finished server process [1]
Traceback (most recent call last):
  File "/app/sources/browser.py", line 127, in create_undetected_chromedriver
Failed to create Chrome driver: Message: session not created: cannot connect to chrome at 127.0.0.1:42433
from session not created: This version of ChromeDriver only supports Chrome version 138
Current browser version is 134.0.6998.88; For documentation on this error, please visit: https://www.selenium.dev/documentation/webdriver/troubleshooting/errors#sessionnotcreatedexception
Stacktrace:
#0 0x55fefdccd1da <unknown>
#1 0x55fefd777ab0 <unknown>
#2 0x55fefd7b86e7 <unknown>
#3 0x55fefd7b75d5 <unknown>
#4 0x55fefd7acbb9 <unknown>
#5 0x55fefd7fd696 <unknown>
#6 0x55fefd7fcd56 <unknown>
#7 0x55fefd7eef73 <unknown>
#8 0x55fefd7bbaeb <unknown>
#9 0x55fefd7bc751 <unknown>
#10 0x55fefdc91aeb <unknown>
#11 0x55fefdc958c9 <unknown>
#12 0x55fefdc788c9 <unknown>
#13 0x55fefdc96488 <unknown>
#14 0x55fefdc5d07f <unknown>
#15 0x55fefdcba888 <unknown>
#16 0x55fefdcbaa66 <unknown>
#17 0x55fefdccc4f6 <unknown>
#18 0x7f19d82b71f5 <unknown>
. Trying to bypass SSL...
Bypassing SSL verification issues, we strongly advice you update your certifi SSL certificate.
Failed to create Chrome driver, fallback failed:
you cannot reuse the ChromeOptions object.
    driver = uc.Chrome(service=service, options=chrome_options)
             ^^^^^^^^^^^^^^^^^^^^^^^^^^^^^^^^^^^^^^^^^^^^^^^^^^
  File "/usr/local/lib/python3.11/site-packages/undetected_chromedriver/__init__.py", line 466, in __init__
    super(Chrome, self).__init__(
  File "/usr/local/lib/python3.11/site-packages/selenium/webdriver/chrome/webdriver.py", line 47, in __init__
    super().__init__(
  File "/usr/local/lib/python3.11/site-packages/selenium/webdriver/chromium/webdriver.py", line 69, in __init__
    super().__init__(command_executor=executor, options=options)
  File "/usr/local/lib/python3.11/site-packages/selenium/webdriver/remote/webdriver.py", line 261, in __init__
    self.start_session(capabilities)
  File "/usr/local/lib/python3.11/site-packages/undetected_chromedriver/__init__.py", line 724, in start_session
    super(selenium.webdriver.chrome.webdriver.WebDriver, self).start_session(
  File "/usr/local/lib/python3.11/site-packages/selenium/webdriver/remote/webdriver.py", line 362, in start_session
    response = self.execute(Command.NEW_SESSION, caps)["value"]
               ^^^^^^^^^^^^^^^^^^^^^^^^^^^^^^^^^^^^^^^
  File "/usr/local/lib/python3.11/site-packages/selenium/webdriver/remote/webdriver.py", line 454, in execute
    self.error_handler.check_response(response)
  File "/usr/local/lib/python3.11/site-packages/selenium/webdriver/remote/errorhandler.py", line 232, in check_response
    raise exception_class(message, screen, stacktrace)
selenium.common.exceptions.SessionNotCreatedException: Message: session not created: cannot connect to chrome at 127.0.0.1:42433
from session not created: This version of ChromeDriver only supports Chrome version 138
Current browser version is 134.0.6998.88; For documentation on this error, please visit: https://www.selenium.dev/documentation/webdriver/troubleshooting/errors#sessionnotcreatedexception
Stacktrace:
#0 0x55fefdccd1da <unknown>
#1 0x55fefd777ab0 <unknown>
#2 0x55fefd7b86e7 <unknown>
#3 0x55fefd7b75d5 <unknown>
#4 0x55fefd7acbb9 <unknown>
#5 0x55fefd7fd696 <unknown>
#6 0x55fefd7fcd56 <unknown>
#7 0x55fefd7eef73 <unknown>
#8 0x55fefd7bbaeb <unknown>
#9 0x55fefd7bc751 <unknown>
#10 0x55fefdc91aeb <unknown>
#11 0x55fefdc958c9 <unknown>
#12 0x55fefdc788c9 <unknown>
#13 0x55fefdc96488 <unknown>
#14 0x55fefdc5d07f <unknown>
#15 0x55fefdcba888 <unknown>
#16 0x55fefdcbaa66 <unknown>
#17 0x55fefdccc4f6 <unknown>
#18 0x7f19d82b71f5 <unknown>


During handling of the above exception, another exception occurred:

Traceback (most recent call last):
  File "/app/api.py", line 143, in <module>
    interaction = initialize_system()
                  ^^^^^^^^^^^^^^^^^^^
  File "/app/api.py", line 99, in initialize_system
    create_driver(headless=headless, stealth_mode=stealth_mode, lang=languages[0]),
    ^^^^^^^^^^^^^^^^^^^^^^^^^^^^^^^^^^^^^^^^^^^^^^^^^^^^^^^^^^^^^^^^^^^^^^^^^^^^^^
  File "/app/sources/browser.py", line 190, in create_driver
    driver = create_undetected_chromedriver(service, chrome_options)
             ^^^^^^^^^^^^^^^^^^^^^^^^^^^^^^^^^^^^^^^^^^^^^^^^^^^^^^^
  File "/app/sources/browser.py", line 135, in create_undetected_chromedriver
    raise e
  File "/app/sources/browser.py", line 132, in create_undetected_chromedriver
    driver = uc.Chrome(service=service, options=chrome_options)
             ^^^^^^^^^^^^^^^^^^^^^^^^^^^^^^^^^^^^^^^^^^^^^^^^^^
  File "/usr/local/lib/python3.11/site-packages/undetected_chromedriver/__init__.py", line 269, in __init__
    raise RuntimeError("you cannot reuse the ChromeOptions object")
RuntimeError: you cannot reuse the ChromeOptions object
Failed to create Chrome driver: Message: session not created: cannot connect to chrome at 127.0.0.1:57501
from session not created: This version of ChromeDriver only supports Chrome version 138
Current browser version is 134.0.6998.88; For documentation on this error, please visit: https://www.selenium.dev/documentation/webdriver/troubleshooting/errors#sessionnotcreatedexception
Stacktrace:
#0 0x55e5b77131da <unknown>
#1 0x55e5b71bdab0 <unknown>
#2 0x55e5b71fe6e7 <unknown>
#3 0x55e5b71fd5d5 <unknown>
#4 0x55e5b71f2bb9 <unknown>
#5 0x55e5b7243696 <unknown>
#6 0x55e5b7242d56 <unknown>
#7 0x55e5b7234f73 <unknown>
#8 0x55e5b7201aeb <unknown>
#9 0x55e5b7202751 <unknown>
Traceback (most recent call last):
  File "/app/sources/browser.py", line 127, in create_undetected_chromedriver
#10 0x55e5b76d7aeb <unknown>
#11 0x55e5b76db8c9 <unknown>
#12 0x55e5b76be8c9 <unknown>
#13 0x55e5b76dc488 <unknown>
#14 0x55e5b76a307f <unknown>
#15 0x55e5b7700888 <unknown>
#16 0x55e5b7700a66 <unknown>
#17 0x55e5b77124f6 <unknown>
#18 0x7f4c316d41f5 <unknown>
. Trying to bypass SSL...
Bypassing SSL verification issues, we strongly advice you update your certifi SSL certificate.
Failed to create Chrome driver, fallback failed:
you cannot reuse the ChromeOptions object.
    driver = uc.Chrome(service=service, options=chrome_options)
             ^^^^^^^^^^^^^^^^^^^^^^^^^^^^^^^^^^^^^^^^^^^^^^^^^^
  File "/usr/local/lib/python3.11/site-packages/undetected_chromedriver/__init__.py", line 466, in __init__
    super(Chrome, self).__init__(
  File "/usr/local/lib/python3.11/site-packages/selenium/webdriver/chrome/webdriver.py", line 47, in __init__
    super().__init__(
  File "/usr/local/lib/python3.11/site-packages/selenium/webdriver/chromium/webdriver.py", line 69, in __init__
    super().__init__(command_executor=executor, options=options)
  File "/usr/local/lib/python3.11/site-packages/selenium/webdriver/remote/webdriver.py", line 261, in __init__
    self.start_session(capabilities)
  File "/usr/local/lib/python3.11/site-packages/undetected_chromedriver/__init__.py", line 724, in start_session
    super(selenium.webdriver.chrome.webdriver.WebDriver, self).start_session(
  File "/usr/local/lib/python3.11/site-packages/selenium/webdriver/remote/webdriver.py", line 362, in start_session
    response = self.execute(Command.NEW_SESSION, caps)["value"]
               ^^^^^^^^^^^^^^^^^^^^^^^^^^^^^^^^^^^^^^^
  File "/usr/local/lib/python3.11/site-packages/selenium/webdriver/remote/webdriver.py", line 454, in execute
    self.error_handler.check_response(response)
  File "/usr/local/lib/python3.11/site-packages/selenium/webdriver/remote/errorhandler.py", line 232, in check_response
    raise exception_class(message, screen, stacktrace)
selenium.common.exceptions.SessionNotCreatedException: Message: session not created: cannot connect to chrome at 127.0.0.1:57501
from session not created: This version of ChromeDriver only supports Chrome version 138
Current browser version is 134.0.6998.88; For documentation on this error, please visit: https://www.selenium.dev/documentation/webdriver/troubleshooting/errors#sessionnotcreatedexception
Stacktrace:
#0 0x55e5b77131da <unknown>
#1 0x55e5b71bdab0 <unknown>
#2 0x55e5b71fe6e7 <unknown>
#3 0x55e5b71fd5d5 <unknown>
#4 0x55e5b71f2bb9 <unknown>
#5 0x55e5b7243696 <unknown>
#6 0x55e5b7242d56 <unknown>
#7 0x55e5b7234f73 <unknown>
#8 0x55e5b7201aeb <unknown>
#9 0x55e5b7202751 <unknown>
#10 0x55e5b76d7aeb <unknown>
#11 0x55e5b76db8c9 <unknown>
#12 0x55e5b76be8c9 <unknown>
#13 0x55e5b76dc488 <unknown>
#14 0x55e5b76a307f <unknown>
#15 0x55e5b7700888 <unknown>
#16 0x55e5b7700a66 <unknown>
#17 0x55e5b77124f6 <unknown>
#18 0x7f4c316d41f5 <unknown>


During handling of the above exception, another exception occurred:

Traceback (most recent call last):
  File "/app/api.py", line 143, in <module>
    interaction = initialize_system()
                  ^^^^^^^^^^^^^^^^^^^
  File "/app/api.py", line 99, in initialize_system
    create_driver(headless=headless, stealth_mode=stealth_mode, lang=languages[0]),
    ^^^^^^^^^^^^^^^^^^^^^^^^^^^^^^^^^^^^^^^^^^^^^^^^^^^^^^^^^^^^^^^^^^^^^^^^^^^^^^
  File "/app/sources/browser.py", line 190, in create_driver
    driver = create_undetected_chromedriver(service, chrome_options)
             ^^^^^^^^^^^^^^^^^^^^^^^^^^^^^^^^^^^^^^^^^^^^^^^^^^^^^^^
  File "/app/sources/browser.py", line 135, in create_undetected_chromedriver
    raise e
  File "/app/sources/browser.py", line 132, in create_undetected_chromedriver
    driver = uc.Chrome(service=service, options=chrome_options)
             ^^^^^^^^^^^^^^^^^^^^^^^^^^^^^^^^^^^^^^^^^^^^^^^^^^
  File "/usr/local/lib/python3.11/site-packages/undetected_chromedriver/__init__.py", line 269, in __init__
    raise RuntimeError("you cannot reuse the ChromeOptions object")
RuntimeError: you cannot reuse the ChromeOptions object
Traceback (most recent call last):
  File "/app/sources/browser.py", line 127, in create_undetected_chromedriver
Failed to create Chrome driver: Message: session not created: cannot connect to chrome at 127.0.0.1:52117
from session not created: This version of ChromeDriver only supports Chrome version 138
Current browser version is 134.0.6998.88; For documentation on this error, please visit: https://www.selenium.dev/documentation/webdriver/troubleshooting/errors#sessionnotcreatedexception
Stacktrace:
#0 0x55ebe1ce01da <unknown>
#1 0x55ebe178aab0 <unknown>
#2 0x55ebe17cb6e7 <unknown>
#3 0x55ebe17ca5d5 <unknown>
#4 0x55ebe17bfbb9 <unknown>
#5 0x55ebe1810696 <unknown>
#6 0x55ebe180fd56 <unknown>
#7 0x55ebe1801f73 <unknown>
#8 0x55ebe17ceaeb <unknown>
#9 0x55ebe17cf751 <unknown>
#10 0x55ebe1ca4aeb <unknown>
#11 0x55ebe1ca88c9 <unknown>
#12 0x55ebe1c8b8c9 <unknown>
#13 0x55ebe1ca9488 <unknown>
#14 0x55ebe1c7007f <unknown>
#15 0x55ebe1ccd888 <unknown>
#16 0x55ebe1ccda66 <unknown>
#17 0x55ebe1cdf4f6 <unknown>
#18 0x7fe9a1d7e1f5 <unknown>
. Trying to bypass SSL...
Bypassing SSL verification issues, we strongly advice you update your certifi SSL certificate.
Failed to create Chrome driver, fallback failed:
you cannot reuse the ChromeOptions object.
    driver = uc.Chrome(service=service, options=chrome_options)
             ^^^^^^^^^^^^^^^^^^^^^^^^^^^^^^^^^^^^^^^^^^^^^^^^^^
  File "/usr/local/lib/python3.11/site-packages/undetected_chromedriver/__init__.py", line 466, in __init__
    super(Chrome, self).__init__(
  File "/usr/local/lib/python3.11/site-packages/selenium/webdriver/chrome/webdriver.py", line 47, in __init__
    super().__init__(
  File "/usr/local/lib/python3.11/site-packages/selenium/webdriver/chromium/webdriver.py", line 69, in __init__
    super().__init__(command_executor=executor, options=options)
  File "/usr/local/lib/python3.11/site-packages/selenium/webdriver/remote/webdriver.py", line 261, in __init__
    self.start_session(capabilities)
  File "/usr/local/lib/python3.11/site-packages/undetected_chromedriver/__init__.py", line 724, in start_session
    super(selenium.webdriver.chrome.webdriver.WebDriver, self).start_session(
  File "/usr/local/lib/python3.11/site-packages/selenium/webdriver/remote/webdriver.py", line 362, in start_session
    response = self.execute(Command.NEW_SESSION, caps)["value"]
               ^^^^^^^^^^^^^^^^^^^^^^^^^^^^^^^^^^^^^^^
  File "/usr/local/lib/python3.11/site-packages/selenium/webdriver/remote/webdriver.py", line 454, in execute
    self.error_handler.check_response(response)
  File "/usr/local/lib/python3.11/site-packages/selenium/webdriver/remote/errorhandler.py", line 232, in check_response
    raise exception_class(message, screen, stacktrace)
selenium.common.exceptions.SessionNotCreatedException: Message: session not created: cannot connect to chrome at 127.0.0.1:52117
from session not created: This version of ChromeDriver only supports Chrome version 138
Current browser version is 134.0.6998.88; For documentation on this error, please visit: https://www.selenium.dev/documentation/webdriver/troubleshooting/errors#sessionnotcreatedexception
Stacktrace:
#0 0x55ebe1ce01da <unknown>
#1 0x55ebe178aab0 <unknown>
#2 0x55ebe17cb6e7 <unknown>
#3 0x55ebe17ca5d5 <unknown>
#4 0x55ebe17bfbb9 <unknown>
#5 0x55ebe1810696 <unknown>
#6 0x55ebe180fd56 <unknown>
#7 0x55ebe1801f73 <unknown>
#8 0x55ebe17ceaeb <unknown>
#9 0x55ebe17cf751 <unknown>
#10 0x55ebe1ca4aeb <unknown>
#11 0x55ebe1ca88c9 <unknown>
#12 0x55ebe1c8b8c9 <unknown>
#13 0x55ebe1ca9488 <unknown>
#14 0x55ebe1c7007f <unknown>
#15 0x55ebe1ccd888 <unknown>
#16 0x55ebe1ccda66 <unknown>
#17 0x55ebe1cdf4f6 <unknown>
#18 0x7fe9a1d7e1f5 <unknown>


During handling of the above exception, another exception occurred:

Traceback (most recent call last):
  File "/app/api.py", line 143, in <module>
    interaction = initialize_system()
                  ^^^^^^^^^^^^^^^^^^^
  File "/app/api.py", line 99, in initialize_system
    create_driver(headless=headless, stealth_mode=stealth_mode, lang=languages[0]),
    ^^^^^^^^^^^^^^^^^^^^^^^^^^^^^^^^^^^^^^^^^^^^^^^^^^^^^^^^^^^^^^^^^^^^^^^^^^^^^^
  File "/app/sources/browser.py", line 190, in create_driver
    driver = create_undetected_chromedriver(service, chrome_options)
             ^^^^^^^^^^^^^^^^^^^^^^^^^^^^^^^^^^^^^^^^^^^^^^^^^^^^^^^
  File "/app/sources/browser.py", line 135, in create_undetected_chromedriver
    raise e
  File "/app/sources/browser.py", line 132, in create_undetected_chromedriver
    driver = uc.Chrome(service=service, options=chrome_options)
             ^^^^^^^^^^^^^^^^^^^^^^^^^^^^^^^^^^^^^^^^^^^^^^^^^^
  File "/usr/local/lib/python3.11/site-packages/undetected_chromedriver/__init__.py", line 269, in __init__
    raise RuntimeError("you cannot reuse the ChromeOptions object")
RuntimeError: you cannot reuse the ChromeOptions object
Traceback (most recent call last):
  File "/app/sources/browser.py", line 127, in create_undetected_chromedriver
Failed to create Chrome driver: Message: session not created: cannot connect to chrome at 127.0.0.1:38099
from session not created: This version of ChromeDriver only supports Chrome version 138
Current browser version is 134.0.6998.88; For documentation on this error, please visit: https://www.selenium.dev/documentation/webdriver/troubleshooting/errors#sessionnotcreatedexception
Stacktrace:
#0 0x55f7c85bf1da <unknown>
#1 0x55f7c8069ab0 <unknown>
#2 0x55f7c80aa6e7 <unknown>
#3 0x55f7c80a95d5 <unknown>
#4 0x55f7c809ebb9 <unknown>
#5 0x55f7c80ef696 <unknown>
#6 0x55f7c80eed56 <unknown>
#7 0x55f7c80e0f73 <unknown>
#8 0x55f7c80adaeb <unknown>
#9 0x55f7c80ae751 <unknown>
#10 0x55f7c8583aeb <unknown>
#11 0x55f7c85878c9 <unknown>
#12 0x55f7c856a8c9 <unknown>
#13 0x55f7c8588488 <unknown>
#14 0x55f7c854f07f <unknown>
#15 0x55f7c85ac888 <unknown>
#16 0x55f7c85aca66 <unknown>
#17 0x55f7c85be4f6 <unknown>
#18 0x7fd0754551f5 <unknown>
. Trying to bypass SSL...
Bypassing SSL verification issues, we strongly advice you update your certifi SSL certificate.
Failed to create Chrome driver, fallback failed:
you cannot reuse the ChromeOptions object.
    driver = uc.Chrome(service=service, options=chrome_options)
             ^^^^^^^^^^^^^^^^^^^^^^^^^^^^^^^^^^^^^^^^^^^^^^^^^^
  File "/usr/local/lib/python3.11/site-packages/undetected_chromedriver/__init__.py", line 466, in __init__
    super(Chrome, self).__init__(
  File "/usr/local/lib/python3.11/site-packages/selenium/webdriver/chrome/webdriver.py", line 47, in __init__
    super().__init__(
  File "/usr/local/lib/python3.11/site-packages/selenium/webdriver/chromium/webdriver.py", line 69, in __init__
    super().__init__(command_executor=executor, options=options)
  File "/usr/local/lib/python3.11/site-packages/selenium/webdriver/remote/webdriver.py", line 261, in __init__
    self.start_session(capabilities)
  File "/usr/local/lib/python3.11/site-packages/undetected_chromedriver/__init__.py", line 724, in start_session
    super(selenium.webdriver.chrome.webdriver.WebDriver, self).start_session(
  File "/usr/local/lib/python3.11/site-packages/selenium/webdriver/remote/webdriver.py", line 362, in start_session
    response = self.execute(Command.NEW_SESSION, caps)["value"]
               ^^^^^^^^^^^^^^^^^^^^^^^^^^^^^^^^^^^^^^^
  File "/usr/local/lib/python3.11/site-packages/selenium/webdriver/remote/webdriver.py", line 454, in execute
    self.error_handler.check_response(response)
  File "/usr/local/lib/python3.11/site-packages/selenium/webdriver/remote/errorhandler.py", line 232, in check_response
    raise exception_class(message, screen, stacktrace)
selenium.common.exceptions.SessionNotCreatedException: Message: session not created: cannot connect to chrome at 127.0.0.1:38099
from session not created: This version of ChromeDriver only supports Chrome version 138
Current browser version is 134.0.6998.88; For documentation on this error, please visit: https://www.selenium.dev/documentation/webdriver/troubleshooting/errors#sessionnotcreatedexception
Stacktrace:
#0 0x55f7c85bf1da <unknown>
#1 0x55f7c8069ab0 <unknown>
#2 0x55f7c80aa6e7 <unknown>
#3 0x55f7c80a95d5 <unknown>
#4 0x55f7c809ebb9 <unknown>
#5 0x55f7c80ef696 <unknown>
#6 0x55f7c80eed56 <unknown>
#7 0x55f7c80e0f73 <unknown>
#8 0x55f7c80adaeb <unknown>
#9 0x55f7c80ae751 <unknown>
#10 0x55f7c8583aeb <unknown>
#11 0x55f7c85878c9 <unknown>
#12 0x55f7c856a8c9 <unknown>
#13 0x55f7c8588488 <unknown>
#14 0x55f7c854f07f <unknown>
#15 0x55f7c85ac888 <unknown>
#16 0x55f7c85aca66 <unknown>
#17 0x55f7c85be4f6 <unknown>
#18 0x7fd0754551f5 <unknown>


During handling of the above exception, another exception occurred:

Traceback (most recent call last):
  File "/app/api.py", line 143, in <module>
    interaction = initialize_system()
                  ^^^^^^^^^^^^^^^^^^^
  File "/app/api.py", line 99, in initialize_system
    create_driver(headless=headless, stealth_mode=stealth_mode, lang=languages[0]),
    ^^^^^^^^^^^^^^^^^^^^^^^^^^^^^^^^^^^^^^^^^^^^^^^^^^^^^^^^^^^^^^^^^^^^^^^^^^^^^^
  File "/app/sources/browser.py", line 190, in create_driver
    driver = create_undetected_chromedriver(service, chrome_options)
             ^^^^^^^^^^^^^^^^^^^^^^^^^^^^^^^^^^^^^^^^^^^^^^^^^^^^^^^
  File "/app/sources/browser.py", line 135, in create_undetected_chromedriver
    raise e
  File "/app/sources/browser.py", line 132, in create_undetected_chromedriver
    driver = uc.Chrome(service=service, options=chrome_options)
             ^^^^^^^^^^^^^^^^^^^^^^^^^^^^^^^^^^^^^^^^^^^^^^^^^^
  File "/usr/local/lib/python3.11/site-packages/undetected_chromedriver/__init__.py", line 269, in __init__
    raise RuntimeError("you cannot reuse the ChromeOptions object")
RuntimeError: you cannot reuse the ChromeOptions object

C:\Users\siddu\Desktop>

